Archive member included to satisfy reference by file (symbol)

C:/Users/Admin/Documents/engenharia_da_computacao/CubeIDE/STM32CubeIDE_2.1.1/STM32CubeIDE/plugins/com.st.stm32cube.ide.mcu.externaltools.gnu-tools-for-stm32.14.3.rel1.win32_1.0.100.202602081740/tools/bin/../lib/gcc/arm-none-eabi/14.3.1/../../../../arm-none-eabi/lib/thumb/v7e-m+dp/hard\libc_nano.a(libc_a-exit.o)
                              C:/Users/Admin/Documents/engenharia_da_computacao/CubeIDE/STM32CubeIDE_2.1.1/STM32CubeIDE/plugins/com.st.stm32cube.ide.mcu.externaltools.gnu-tools-for-stm32.14.3.rel1.win32_1.0.100.202602081740/tools/bin/../lib/gcc/arm-none-eabi/14.3.1/../../../../arm-none-eabi/lib/thumb/v7e-m+dp/hard/crt0.o (exit)
C:/Users/Admin/Documents/engenharia_da_computacao/CubeIDE/STM32CubeIDE_2.1.1/STM32CubeIDE/plugins/com.st.stm32cube.ide.mcu.externaltools.gnu-tools-for-stm32.14.3.rel1.win32_1.0.100.202602081740/tools/bin/../lib/gcc/arm-none-eabi/14.3.1/../../../../arm-none-eabi/lib/thumb/v7e-m+dp/hard\libc_nano.a(libc_a-findfp.o)
                              C:/Users/Admin/Documents/engenharia_da_computacao/CubeIDE/STM32CubeIDE_2.1.1/STM32CubeIDE/plugins/com.st.stm32cube.ide.mcu.externaltools.gnu-tools-for-stm32.14.3.rel1.win32_1.0.100.202602081740/tools/bin/../lib/gcc/arm-none-eabi/14.3.1/../../../../arm-none-eabi/lib/thumb/v7e-m+dp/hard\libc_nano.a(libc_a-exit.o) (__stdio_exit_handler)
C:/Users/Admin/Documents/engenharia_da_computacao/CubeIDE/STM32CubeIDE_2.1.1/STM32CubeIDE/plugins/com.st.stm32cube.ide.mcu.externaltools.gnu-tools-for-stm32.14.3.rel1.win32_1.0.100.202602081740/tools/bin/../lib/gcc/arm-none-eabi/14.3.1/../../../../arm-none-eabi/lib/thumb/v7e-m+dp/hard\libc_nano.a(libc_a-fwalk.o)
                              C:/Users/Admin/Documents/engenharia_da_computacao/CubeIDE/STM32CubeIDE_2.1.1/STM32CubeIDE/plugins/com.st.stm32cube.ide.mcu.externaltools.gnu-tools-for-stm32.14.3.rel1.win32_1.0.100.202602081740/tools/bin/../lib/gcc/arm-none-eabi/14.3.1/../../../../arm-none-eabi/lib/thumb/v7e-m+dp/hard\libc_nano.a(libc_a-findfp.o) (_fwalk_sglue)
C:/Users/Admin/Documents/engenharia_da_computacao/CubeIDE/STM32CubeIDE_2.1.1/STM32CubeIDE/plugins/com.st.stm32cube.ide.mcu.externaltools.gnu-tools-for-stm32.14.3.rel1.win32_1.0.100.202602081740/tools/bin/../lib/gcc/arm-none-eabi/14.3.1/../../../../arm-none-eabi/lib/thumb/v7e-m+dp/hard\libc_nano.a(libc_a-printf.o)
                              ./Core/Src/main.o (printf)
C:/Users/Admin/Documents/engenharia_da_computacao/CubeIDE/STM32CubeIDE_2.1.1/STM32CubeIDE/plugins/com.st.stm32cube.ide.mcu.externaltools.gnu-tools-for-stm32.14.3.rel1.win32_1.0.100.202602081740/tools/bin/../lib/gcc/arm-none-eabi/14.3.1/../../../../arm-none-eabi/lib/thumb/v7e-m+dp/hard\libc_nano.a(libc_a-snprintf.o)
                              ./Core/Src/main.o (snprintf)
C:/Users/Admin/Documents/engenharia_da_computacao/CubeIDE/STM32CubeIDE_2.1.1/STM32CubeIDE/plugins/com.st.stm32cube.ide.mcu.externaltools.gnu-tools-for-stm32.14.3.rel1.win32_1.0.100.202602081740/tools/bin/../lib/gcc/arm-none-eabi/14.3.1/../../../../arm-none-eabi/lib/thumb/v7e-m+dp/hard\libc_nano.a(libc_a-stdio.o)
                              C:/Users/Admin/Documents/engenharia_da_computacao/CubeIDE/STM32CubeIDE_2.1.1/STM32CubeIDE/plugins/com.st.stm32cube.ide.mcu.externaltools.gnu-tools-for-stm32.14.3.rel1.win32_1.0.100.202602081740/tools/bin/../lib/gcc/arm-none-eabi/14.3.1/../../../../arm-none-eabi/lib/thumb/v7e-m+dp/hard\libc_nano.a(libc_a-findfp.o) (__sread)
C:/Users/Admin/Documents/engenharia_da_computacao/CubeIDE/STM32CubeIDE_2.1.1/STM32CubeIDE/plugins/com.st.stm32cube.ide.mcu.externaltools.gnu-tools-for-stm32.14.3.rel1.win32_1.0.100.202602081740/tools/bin/../lib/gcc/arm-none-eabi/14.3.1/../../../../arm-none-eabi/lib/thumb/v7e-m+dp/hard\libc_nano.a(libc_a-memset.o)
                              C:/Users/Admin/Documents/engenharia_da_computacao/CubeIDE/STM32CubeIDE_2.1.1/STM32CubeIDE/plugins/com.st.stm32cube.ide.mcu.externaltools.gnu-tools-for-stm32.14.3.rel1.win32_1.0.100.202602081740/tools/bin/../lib/gcc/arm-none-eabi/14.3.1/../../../../arm-none-eabi/lib/thumb/v7e-m+dp/hard/crt0.o (memset)
C:/Users/Admin/Documents/engenharia_da_computacao/CubeIDE/STM32CubeIDE_2.1.1/STM32CubeIDE/plugins/com.st.stm32cube.ide.mcu.externaltools.gnu-tools-for-stm32.14.3.rel1.win32_1.0.100.202602081740/tools/bin/../lib/gcc/arm-none-eabi/14.3.1/../../../../arm-none-eabi/lib/thumb/v7e-m+dp/hard\libc_nano.a(libc_a-strncmp.o)
                              ./Core/Src/SerialCmd.o (strncmp)
C:/Users/Admin/Documents/engenharia_da_computacao/CubeIDE/STM32CubeIDE_2.1.1/STM32CubeIDE/plugins/com.st.stm32cube.ide.mcu.externaltools.gnu-tools-for-stm32.14.3.rel1.win32_1.0.100.202602081740/tools/bin/../lib/gcc/arm-none-eabi/14.3.1/../../../../arm-none-eabi/lib/thumb/v7e-m+dp/hard\libc_nano.a(libc_a-closer.o)
[...]
Memory Configuration

Name             Origin             Length             Attributes
RAM              0x20000000         0x00080000         xrw
FLASH            0x08000000         0x00200000         xr
*default*        0x00000000         0xffffffff

Linker script and memory map

LOAD C:/Users/Admin/Documents/engenharia_da_computacao/CubeIDE/STM32CubeIDE_2.1.1/STM32CubeIDE/plugins/com.st.stm32cube.ide.mcu.externaltools.gnu-tools-for-stm32.14.3.rel1.win32_1.0.100.202602081740/tools/bin/../lib/gcc/arm-none-eabi/14.3.1/thumb/v7e-m+dp/hard/crti.o
LOAD C:/Users/Admin/Documents/engenharia_da_computacao/CubeIDE/STM32CubeIDE_2.1.1/STM32CubeIDE/plugins/com.st.stm32cube.ide.mcu.externaltools.gnu-tools-for-stm32.14.3.rel1.win32_1.0.100.202602081740/tools/bin/../lib/gcc/arm-none-eabi/14.3.1/thumb/v7e-m+dp/hard/crtbegin.o
LOAD C:/Users/Admin/Documents/engenharia_da_computacao/CubeIDE/STM32CubeIDE_2.1.1/STM32CubeIDE/plugins/com.st.stm32cube.ide.mcu.externaltools.gnu-tools-for-stm32.14.3.rel1.win32_1.0.100.202602081740/tools/bin/../lib/gcc/arm-none-eabi/14.3.1/../../../../arm-none-eabi/lib/thumb/v7e-m+dp/hard/crt0.o
LOAD ./Core/Src/Bsp.o
LOAD ./Core/Src/Button.o
LOAD ./Core/Src/LedPwm.o
LOAD ./Core/Src/Sampler.o
LOAD ./Core/Src/SerialCmd.o
LOAD ./Core/Src/main.o
LOAD ./Core/Src/stm32f7xx_hal_msp.o
LOAD ./Core/Src/stm32f7xx_it.o
LOAD ./Core/Src/syscalls.o
LOAD ./Core/Src/sysmem.o
LOAD ./Core/Src/system_stm32f7xx.o
LOAD ./Core/Startup/startup_stm32f767zitx.o
LOAD ./Drivers/STM32F7xx_HAL_Driver/Src/stm32f7xx_hal.o
LOAD ./Drivers/STM32F7xx_HAL_Driver/Src/stm32f7xx_hal_adc.o
LOAD ./Drivers/STM32F7xx_HAL_Driver/Src/stm32f7xx_hal_adc_ex.o
LOAD ./Drivers/STM32F7xx_HAL_Driver/Src/stm32f7xx_hal_cortex.o
LOAD ./Drivers/STM32F7xx_HAL_Driver/Src/stm32f7xx_hal_dma.o
LOAD ./Drivers/STM32F7xx_HAL_Driver/Src/stm32f7xx_hal_dma_ex.o
LOAD ./Drivers/STM32F7xx_HAL_Driver/Src/stm32f7xx_hal_eth.o
LOAD ./Drivers/STM32F7xx_HAL_Driver/Src/stm32f7xx_hal_exti.o
LOAD ./Drivers/STM32F7xx_HAL_Driver/Src/stm32f7xx_hal_flash.o
LOAD ./Drivers/STM32F7xx_HAL_Driver/Src/stm32f7xx_hal_flash_ex.o
LOAD ./Drivers/STM32F7xx_HAL_Driver/Src/stm32f7xx_hal_gpio.o
LOAD ./Drivers/STM32F7xx_HAL_Driver/Src/stm32f7xx_hal_i2c.o
LOAD ./Drivers/STM32F7xx_HAL_Driver/Src/stm32f7xx_hal_i2c_ex.o
LOAD ./Drivers/STM32F7xx_HAL_Driver/Src/stm32f7xx_hal_pcd.o
LOAD ./Drivers/STM32F7xx_HAL_Driver/Src/stm32f7xx_hal_pcd_ex.o
LOAD ./Drivers/STM32F7xx_HAL_Driver/Src/stm32f7xx_hal_pwr.o
LOAD ./Drivers/STM32F7xx_HAL_Driver/Src/stm32f7xx_hal_pwr_ex.o
LOAD ./Drivers/STM32F7xx_HAL_Driver/Src/stm32f7xx_hal_rcc.o
LOAD ./Drivers/STM32F7xx_HAL_Driver/Src/stm32f7xx_hal_rcc_ex.o
LOAD ./Drivers/STM32F7xx_HAL_Driver/Src/stm32f7xx_hal_tim.o
LOAD ./Drivers/STM32F7xx_HAL_Driver/Src/stm32f7xx_hal_tim_ex.o
LOAD ./Drivers/STM32F7xx_HAL_Driver/Src/stm32f7xx_hal_uart.o
LOAD ./Drivers/STM32F7xx_HAL_Driver/Src/stm32f7xx_hal_uart_ex.o
LOAD ./Drivers/STM32F7xx_HAL_Driver/Src/stm32f7xx_ll_usb.o
START GROUP
LOAD C:/Users/Admin/Documents/engenharia_da_computacao/CubeIDE/STM32CubeIDE_2.1.1/STM32CubeIDE/plugins/com.st.stm32cube.ide.mcu.externaltools.gnu-tools-for-stm32.14.3.rel1.win32_1.0.100.202602081740/tools/bin/../lib/gcc/arm-none-eabi/14.3.1/../../../../arm-none-eabi/lib/thumb/v7e-m+dp/hard\libc_nano.a
LOAD C:/Users/Admin/Documents/engenharia_da_computacao/CubeIDE/STM32CubeIDE_2.1.1/STM32CubeIDE/plugins/com.st.stm32cube.ide.mcu.externaltools.gnu-tools-for-stm32.14.3.rel1.win32_1.0.100.202602081740/tools/bin/../lib/gcc/arm-none-eabi/14.3.1/../../../../arm-none-eabi/lib/thumb/v7e-m+dp/hard\libm.a
END GROUP
START GROUP
LOAD C:/Users/Admin/Documents/engenharia_da_computacao/CubeIDE/STM32CubeIDE_2.1.1/STM32CubeIDE/plugins/com.st.stm32cube.ide.mcu.externaltools.gnu-tools-for-stm32.14.3.rel1.win32_1.0.100.202602081740/tools/bin/../lib/gcc/arm-none-eabi/14.3.1/thumb/v7e-m+dp/hard\libgcc.a
LOAD C:/Users/Admin/Documents/engenharia_da_computacao/CubeIDE/STM32CubeIDE_2.1.1/STM32CubeIDE/plugins/com.st.stm32cube.ide.mcu.externaltools.gnu-tools-for-stm32.14.3.rel1.win32_1.0.100.202602081740/tools/bin/../lib/gcc/arm-none-eabi/14.3.1/../../../../arm-none-eabi/lib/thumb/v7e-m+dp/hard\libc_nano.a
END GROUP
START GROUP
LOAD C:/Users/Admin/Documents/engenharia_da_computacao/CubeIDE/STM32CubeIDE_2.1.1/STM32CubeIDE/plugins/com.st.stm32cube.ide.mcu.externaltools.gnu-tools-for-stm32.14.3.rel1.win32_1.0.100.202602081740/tools/bin/../lib/gcc/arm-none-eabi/14.3.1/thumb/v7e-m+dp/hard\libgcc.a
LOAD C:/Users/Admin/Documents/engenharia_da_computacao/CubeIDE/STM32CubeIDE_2.1.1/STM32CubeIDE/plugins/com.st.stm32cube.ide.mcu.externaltools.gnu-tools-for-stm32.14.3.rel1.win32_1.0.100.202602081740/tools/bin/../lib/gcc/arm-none-eabi/14.3.1/../../../../arm-none-eabi/lib/thumb/v7e-m+dp/hard\libc_nano.a
LOAD C:/Users/Admin/Documents/engenharia_da_computacao/CubeIDE/STM32CubeIDE_2.1.1/STM32CubeIDE/plugins/com.st.stm32cube.ide.mcu.externaltools.gnu-tools-for-stm32.14.3.rel1.win32_1.0.100.202602081740/tools/bin/../lib/gcc/arm-none-eabi/14.3.1/../../../../arm-none-eabi/lib/thumb/v7e-m+dp/hard\libnosys.a
END GROUP
START GROUP
LOAD C:/Users/Admin/Documents/engenharia_da_computacao/CubeIDE/STM32CubeIDE_2.1.1/STM32CubeIDE/plugins/com.st.stm32cube.ide.mcu.externaltools.gnu-tools-for-stm32.14.3.rel1.win32_1.0.100.202602081740/tools/bin/../lib/gcc/arm-none-eabi/14.3.1/thumb/v7e-m+dp/hard\libgcc.a
LOAD C:/Users/Admin/Documents/engenharia_da_computacao/CubeIDE/STM32CubeIDE_2.1.1/STM32CubeIDE/plugins/com.st.stm32cube.ide.mcu.externaltools.gnu-tools-for-stm32.14.3.rel1.win32_1.0.100.202602081740/tools/bin/../lib/gcc/arm-none-eabi/14.3.1/../../../../arm-none-eabi/lib/thumb/v7e-m+dp/hard\libc_nano.a
LOAD C:/Users/Admin/Documents/engenharia_da_computacao/CubeIDE/STM32CubeIDE_2.1.1/STM32CubeIDE/plugins/com.st.stm32cube.ide.mcu.externaltools.gnu-tools-for-stm32.14.3.rel1.win32_1.0.100.202602081740/tools/bin/../lib/gcc/arm-none-eabi/14.3.1/../../../../arm-none-eabi/lib/thumb/v7e-m+dp/hard\libnosys.a
END GROUP
LOAD C:/Users/Admin/Documents/engenharia_da_computacao/CubeIDE/STM32CubeIDE_2.1.1/STM32CubeIDE/plugins/com.st.stm32cube.ide.mcu.externaltools.gnu-tools-for-stm32.14.3.rel1.win32_1.0.100.202602081740/tools/bin/../lib/gcc/arm-none-eabi/14.3.1/thumb/v7e-m+dp/hard/crtend.o
LOAD C:/Users/Admin/Documents/engenharia_da_computacao/CubeIDE/STM32CubeIDE_2.1.1/STM32CubeIDE/plugins/com.st.stm32cube.ide.mcu.externaltools.gnu-tools-for-stm32.14.3.rel1.win32_1.0.100.202602081740/tools/bin/../lib/gcc/arm-none-eabi/14.3.1/thumb/v7e-m+dp/hard/crtn.o
                0x20080000                        _estack = (ORIGIN (RAM) + LENGTH (RAM))
                0x00000200                        _Min_Heap_Size = 0x200
                0x00000400                        _Min_Stack_Size = 0x400

.isr_vector     0x08000000      0x1f8
                0x08000000                        . = ALIGN (0x4)
 *(.isr_vector)
 .isr_vector    0x08000000      0x1f8 ./Core/Startup/startup_stm32f767zitx.o
                0x08000000                g_pfnVectors
                0x080001f8                        . = ALIGN (0x4)

.text           0x08000200     0x7a14
                0x08000200                        . = ALIGN (0x4)
 *(.text)
 .text          0x08000200       0x40 C:/Users/Admin/Documents/engenharia_da_computacao/CubeIDE/STM32CubeIDE_2.1.1/STM32CubeIDE/plugins/com.st.stm32cube.ide.mcu.externaltools.gnu-tools-for-stm32.14.3.rel1.win32_1.0.100.202602081740/tools/bin/../lib/gcc/arm-none-eabi/14.3.1/thumb/v7e-m+dp/hard/crtbegin.o
 .text          0x08000240       0x10 C:/Users/Admin/Documents/engenharia_da_computacao/CubeIDE/STM32CubeIDE_2.1.1/STM32CubeIDE/plugins/com.st.stm32cube.ide.mcu.externaltools.gnu-tools-for-stm32.14.3.rel1.win32_1.0.100.202602081740/tools/bin/../lib/gcc/arm-none-eabi/14.3.1/../../../../arm-none-eabi/lib/thumb/v7e-m+dp/hard\libc_nano.a(libc_a-strlen.o)
                0x08000240                strlen
 .text          0x08000250       0xa0 C:/Users/Admin/Documents/engenharia_da_computacao/CubeIDE/STM32CubeIDE_2.1.1/STM32CubeIDE/plugins/com.st.stm32cube.ide.mcu.externaltools.gnu-tools-for-stm32.14.3.rel1.win32_1.0.100.202602081740/tools/bin/../lib/gcc/arm-none-eabi/14.3.1/../../../../arm-none-eabi/lib/thumb/v7e-m+dp/hard\libc_nano.a(libc_a-memchr.o)
                0x08000250                memchr
 .text          0x080002f0       0x30 C:/Users/Admin/Documents/engenharia_da_computacao/CubeIDE/STM32CubeIDE_2.1.1/STM32CubeIDE/plugins/com.st.stm32cube.ide.mcu.externaltools.gnu-tools-for-stm32.14.3.rel1.win32_1.0.100.202602081740/tools/bin/../lib/gcc/arm-none-eabi/14.3.1/thumb/v7e-m+dp/hard\libgcc.a(_aeabi_uldivmod.o)
                0x080002f0                __aeabi_uldivmod
 .text          0x08000320      0x2f8 C:/Users/Admin/Documents/engenharia_da_computacao/CubeIDE/STM32CubeIDE_2.1.1/STM32CubeIDE/plugins/com.st.stm32cube.ide.mcu.externaltools.gnu-tools-for-stm32.14.3.rel1.win32_1.0.100.202602081740/tools/bin/../lib/gcc/arm-none-eabi/14.3.1/thumb/v7e-m+dp/hard\libgcc.a(_udivmoddi4.o)
                0x08000320                __udivmoddi4
 .text          0x08000618        0x4 C:/Users/Admin/Documents/engenharia_da_computacao/CubeIDE/STM32CubeIDE_2.1.1/STM32CubeIDE/plugins/com.st.stm32cube.ide.mcu.externaltools.gnu-tools-for-stm32.14.3.rel1.win32_1.0.100.202602081740/tools/bin/../lib/gcc/arm-none-eabi/14.3.1/thumb/v7e-m+dp/hard\libgcc.a(_dvmd_tls.o)
                0x08000618                __aeabi_idiv0
                0x08000618                __aeabi_ldiv0
 *(.text*)
 .text.Bsp_Init
                0x0800061c       0x5c ./Core/Src/Bsp.o
                0x0800061c                Bsp_Init
 .text.Bsp_SetLedPwm
                0x08000678       0x74 ./Core/Src/Bsp.o
                0x08000678                Bsp_SetLedPwm
 .text.Bsp_GetSamplingFlag
                0x080006ec       0x18 ./Core/Src/Bsp.o
                0x080006ec                Bsp_GetSamplingFlag
 .text.Bsp_ClearSamplingFlag
                0x08000704       0x18 ./Core/Src/Bsp.o
                0x08000704                Bsp_ClearSamplingFlag
 .text.Bsp_ReadAdc
                0x0800071c       0x30 ./Core/Src/Bsp.o
                0x0800071c                Bsp_ReadAdc
 .text.Bsp_TransmitUartString
                0x0800074c       0x28 ./Core/Src/Bsp.o
                0x0800074c                Bsp_TransmitUartString
 .text.Bsp_GetButtonFlag
                0x08000774       0x18 ./Core/Src/Bsp.o
                0x08000774                Bsp_GetButtonFlag
 .text.Bsp_ClearButtonFlag
                0x0800078c       0x18 ./Core/Src/Bsp.o
                0x0800078c                Bsp_ClearButtonFlag
 .text.Bsp_GetUartRxFlag
                0x080007a4       0x18 ./Core/Src/Bsp.o
                0x080007a4                Bsp_GetUartRxFlag
 .text.Bsp_ClearUartRxFlag
                0x080007bc       0x18 ./Core/Src/Bsp.o
                0x080007bc                Bsp_ClearUartRxFlag
 .text.Bsp_GetUartRxData
                0x080007d4       0x18 ./Core/Src/Bsp.o
                0x080007d4                Bsp_GetUartRxData
 .text.HAL_UART_RxCpltCallback
                0x080007ec       0x3c ./Core/Src/Bsp.o
                0x080007ec                HAL_UART_RxCpltCallback
 .text.Button_Init
                0x08000828       0x18 ./Core/Src/Button.o
                0x08000828                Button_Init
 .text.Button_Process
                0x08000840       0x38 ./Core/Src/Button.o
                0x08000840                Button_Process
 .text.Button_IsSystemFrozen
                0x08000878       0x18 ./Core/Src/Button.o
                0x08000878                Button_IsSystemFrozen
 .text.LedPwm_Init
                0x08000890       0x28 ./Core/Src/LedPwm.o
                0x08000890                LedPwm_Init
 .text.LedPwm_SetActiveLed
                0x080008b8       0x28 ./Core/Src/LedPwm.o
                0x080008b8                LedPwm_SetActiveLed
 .text.LedPwm_UpdateActiveLedIntensity
                0x080008e0       0x6c ./Core/Src/LedPwm.o
                0x080008e0                LedPwm_UpdateActiveLedIntensity
 .text.LedPwm_RefreshAll
                0x0800094c       0x30 ./Core/Src/LedPwm.o
                0x0800094c                LedPwm_RefreshAll
 .text.LedPwm_GetLedDuty
                0x0800097c       0x50 ./Core/Src/LedPwm.o
                0x0800097c                LedPwm_GetLedDuty
 .text.Sampler_Init
                0x080009cc       0x2c ./Core/Src/Sampler.o
                0x080009cc                Sampler_Init
 .text.Sampler_ProcessNewSample
                0x080009f8       0x80 ./Core/Src/Sampler.o
                0x080009f8                Sampler_ProcessNewSample
 .text.Sampler_GetFilteredPercentage
                0x08000a78       0x18 ./Core/Src/Sampler.o
                0x08000a78                Sampler_GetFilteredPercentage
 .text.Sampler_IsNewAverageReady
                0x08000a90       0x18 ./Core/Src/Sampler.o
                0x08000a90                Sampler_IsNewAverageReady
 .text.Sampler_ClearAverageFlag
                0x08000aa8       0x18 ./Core/Src/Sampler.o
                0x08000aa8                Sampler_ClearAverageFlag
 .text.SerialCmd_Init
                0x08000ac0        0xc ./Core/Src/SerialCmd.o
                0x08000ac0                SerialCmd_Init
 .text.SerialCmd_Process
                0x08000acc       0x6c ./Core/Src/SerialCmd.o
                0x08000acc                SerialCmd_Process
 .text.SerialCmd_EvaluateBuffer
                0x08000b38       0x64 ./Core/Src/SerialCmd.o
 .text.SerialCmd_ClearBuffer
                0x08000b9c       0x1c ./Core/Src/SerialCmd.o
 .text.main     0x08000bb8      0x134 ./Core/Src/main.o
                0x08000bb8                main
 .text.SystemClock_Config
                0x08000cec       0xe0 ./Core/Src/main.o
                0x08000cec                SystemClock_Config
 .text.MX_ADC1_Init
                0x08000dcc       0xa4 ./Core/Src/main.o
 .text.MX_ETH_Init
                0x08000e70       0x9c ./Core/Src/main.o
 .text.MX_TIM3_Init
                0x08000f0c       0xe0 ./Core/Src/main.o
 .text.MX_TIM6_Init
                0x08000fec       0x6c ./Core/Src/main.o
 .text.MX_TIM7_Init
                0x08001058       0x6c ./Core/Src/main.o
 .text.MX_USART3_UART_Init
                0x080010c4       0x60 ./Core/Src/main.o
 .text.MX_USB_OTG_FS_PCD_Init
                0x08001124       0x5c ./Core/Src/main.o
 .text.MX_GPIO_Init
                0x08001180      0x144 ./Core/Src/main.o
 .text.__io_putchar
                0x080012c4       0x24 ./Core/Src/main.o
                0x080012c4                __io_putchar
 .text.MPU_Config
                0x080012e8       0x58 ./Core/Src/main.o
 .text.Error_Handler
                0x08001340        0xc ./Core/Src/main.o
                0x08001340                Error_Handler
 .text.HAL_MspInit
                0x0800134c       0x48 ./Core/Src/stm32f7xx_hal_msp.o
                0x0800134c                HAL_MspInit
 .text.HAL_ADC_MspInit
                0x08001394       0x80 ./Core/Src/stm32f7xx_hal_msp.o
                0x08001394                HAL_ADC_MspInit
 .text.HAL_ETH_MspInit
                0x08001414      0x170 ./Core/Src/stm32f7xx_hal_msp.o
                0x08001414                HAL_ETH_MspInit
 .text.HAL_TIM_PWM_MspInit
                0x08001584       0x40 ./Core/Src/stm32f7xx_hal_msp.o
                0x08001584                HAL_TIM_PWM_MspInit
 .text.HAL_TIM_Base_MspInit
                0x080015c4       0x68 ./Core/Src/stm32f7xx_hal_msp.o
                0x080015c4                HAL_TIM_Base_MspInit
 .text.HAL_TIM_MspPostInit
                0x0800162c       0xac ./Core/Src/stm32f7xx_hal_msp.o
                0x0800162c                HAL_TIM_MspPostInit
 .text.HAL_UART_MspInit
                0x080016d8       0xc0 ./Core/Src/stm32f7xx_hal_msp.o
                0x080016d8                HAL_UART_MspInit
 .text.HAL_PCD_MspInit
                0x08001798       0xf4 ./Core/Src/stm32f7xx_hal_msp.o
                0x08001798                HAL_PCD_MspInit
 .text.NMI_Handler
                0x0800188c        0x8 ./Core/Src/stm32f7xx_it.o
                0x0800188c                NMI_Handler
 .text.HardFault_Handler
                0x08001894        0x8 ./Core/Src/stm32f7xx_it.o
                0x08001894                HardFault_Handler
 .text.MemManage_Handler
                0x0800189c        0x8 ./Core/Src/stm32f7xx_it.o
                0x0800189c                MemManage_Handler
 .text.BusFault_Handler
                0x080018a4        0x8 ./Core/Src/stm32f7xx_it.o
                0x080018a4                BusFault_Handler
 .text.UsageFault_Handler
                0x080018ac        0x8 ./Core/Src/stm32f7xx_it.o
                0x080018ac                UsageFault_Handler
 .text.SVC_Handler
                0x080018b4        0xe ./Core/Src/stm32f7xx_it.o
                0x080018b4                SVC_Handler
 .text.DebugMon_Handler
                0x080018c2        0xe ./Core/Src/stm32f7xx_it.o
                0x080018c2                DebugMon_Handler
 .text.PendSV_Handler
                0x080018d0        0xe ./Core/Src/stm32f7xx_it.o
                0x080018d0                PendSV_Handler
 .text.SysTick_Handler
                0x080018de        0xc ./Core/Src/stm32f7xx_it.o
                0x080018de                SysTick_Handler
 .text._read    0x080018ea       0x3a ./Core/Src/syscalls.o
                0x080018ea                _read
 .text._write   0x08001924       0x38 ./Core/Src/syscalls.o
                0x08001924                _write
 .text._close   0x0800195c       0x18 ./Core/Src/syscalls.o
                0x0800195c                _close
 .text._fstat   0x08001974       0x20 ./Core/Src/syscalls.o
                0x08001974                _fstat
 .text._isatty  0x08001994       0x16 ./Core/Src/syscalls.o
                0x08001994                _isatty
 .text._lseek   0x080019aa       0x1a ./Core/Src/syscalls.o
                0x080019aa                _lseek
 .text._sbrk    0x080019c4       0x6c ./Core/Src/sysmem.o
                0x080019c4                _sbrk
 .text.SystemInit
                0x08001a30       0x24 ./Core/Src/system_stm32f7xx.o
                0x08001a30                SystemInit
 .text.Reset_Handler
                0x08001a54       0x50 ./Core/Startup/startup_stm32f767zitx.o
                0x08001a54                Reset_Handler
 .text.Default_Handler
                0x08001aa4        0x2 ./Core/Startup/startup_stm32f767zitx.o
                0x08001aa4                RTC_Alarm_IRQHandler
                0x08001aa4                EXTI2_IRQHandler
                0x08001aa4                TIM8_CC_IRQHandler
                0x08001aa4                UART8_IRQHandler
                0x08001aa4                SPI4_IRQHandler
                0x08001aa4                TIM1_CC_IRQHandler
                0x08001aa4                DMA2_Stream5_IRQHandler
                0x08001aa4                JPEG_IRQHandler
                0x08001aa4                DMA1_Stream5_IRQHandler
                0x08001aa4                CAN3_RX1_IRQHandler
                0x08001aa4                PVD_IRQHandler
                0x08001aa4                TAMP_STAMP_IRQHandler
                0x08001aa4                CAN2_RX1_IRQHandler
                0x08001aa4                EXTI3_IRQHandler
                0x08001aa4                TIM8_TRG_COM_TIM14_IRQHandler
                0x08001aa4                DFSDM1_FLT1_IRQHandler
                0x08001aa4                TIM1_UP_TIM10_IRQHandler
                0x08001aa4                TIM8_UP_TIM13_IRQHandler
                0x08001aa4                I2C3_ER_IRQHandler
                0x08001aa4                DFSDM1_FLT2_IRQHandler
                0x08001aa4                EXTI0_IRQHandler
                0x08001aa4                I2C2_EV_IRQHandler
                0x08001aa4                DMA1_Stream2_IRQHandler
                0x08001aa4                CAN1_RX0_IRQHandler
                0x08001aa4                FPU_IRQHandler
                0x08001aa4                OTG_HS_WKUP_IRQHandler
                0x08001aa4                CAN3_SCE_IRQHandler
                0x08001aa4                LTDC_ER_IRQHandler
                0x08001aa4                CAN2_SCE_IRQHandler
                0x08001aa4                DMA2_Stream2_IRQHandler
                0x08001aa4                SPI1_IRQHandler
                0x08001aa4                TIM6_DAC_IRQHandler
                0x08001aa4                TIM1_BRK_TIM9_IRQHandler
                0x08001aa4                DCMI_IRQHandler
                0x08001aa4                CAN2_RX0_IRQHandler
                0x08001aa4                DMA2_Stream3_IRQHandler
                0x08001aa4                SAI2_IRQHandler
                0x08001aa4                DFSDM1_FLT3_IRQHandler
                0x08001aa4                USART6_IRQHandler
                0x08001aa4                CAN3_RX0_IRQHandler
                0x08001aa4                USART3_IRQHandler
                0x08001aa4                CAN1_RX1_IRQHandler
                0x08001aa4                UART5_IRQHandler
                0x08001aa4                DMA2_Stream0_IRQHandler
                0x08001aa4                TIM4_IRQHandler
                0x08001aa4                QUADSPI_IRQHandler
                0x08001aa4                I2C1_EV_IRQHandler
                0x08001aa4                DMA1_Stream6_IRQHandler
                0x08001aa4                DMA1_Stream1_IRQHandler
                0x08001aa4                UART4_IRQHandler
                0x08001aa4                TIM3_IRQHandler
                0x08001aa4                RCC_IRQHandler
                0x08001aa4                TIM8_BRK_TIM12_IRQHandler
                0x08001aa4                Default_Handler
                0x08001aa4                CEC_IRQHandler
                0x08001aa4                EXTI15_10_IRQHandler
                0x08001aa4                ADC_IRQHandler
                0x08001aa4                DMA1_Stream7_IRQHandler
                0x08001aa4                SPI5_IRQHandler
                0x08001aa4                TIM7_IRQHandler
                0x08001aa4                SDMMC1_IRQHandler
                0x08001aa4                CAN2_TX_IRQHandler
                0x08001aa4                TIM5_IRQHandler
                0x08001aa4                DMA2_Stream7_IRQHandler
                0x08001aa4                I2C3_EV_IRQHandler
                0x08001aa4                EXTI9_5_IRQHandler
                0x08001aa4                RTC_WKUP_IRQHandler
                0x08001aa4                LTDC_IRQHandler
                0x08001aa4                ETH_WKUP_IRQHandler
                0x08001aa4                SPDIF_RX_IRQHandler
                0x08001aa4                SPI2_IRQHandler
                0x08001aa4                OTG_HS_EP1_IN_IRQHandler
                0x08001aa4                DMA1_Stream0_IRQHandler
                0x08001aa4                CAN1_TX_IRQHandler
                0x08001aa4                EXTI4_IRQHandler
                0x08001aa4                RNG_IRQHandler
                0x08001aa4                ETH_IRQHandler
                0x08001aa4                OTG_HS_EP1_OUT_IRQHandler
                0x08001aa4                WWDG_IRQHandler
                0x08001aa4                SPI6_IRQHandler
                0x08001aa4                MDIOS_IRQHandler
                0x08001aa4                I2C4_EV_IRQHandler
                0x08001aa4                CAN3_TX_IRQHandler
                0x08001aa4                TIM2_IRQHandler
                0x08001aa4                OTG_FS_WKUP_IRQHandler
                0x08001aa4                TIM1_TRG_COM_TIM11_IRQHandler
                0x08001aa4                OTG_HS_IRQHandler
                0x08001aa4                DMA2D_IRQHandler
                0x08001aa4                EXTI1_IRQHandler
                0x08001aa4                SDMMC2_IRQHandler
                0x08001aa4                UART7_IRQHandler
                0x08001aa4                USART2_IRQHandler
                0x08001aa4                DFSDM1_FLT0_IRQHandler
                0x08001aa4                I2C2_ER_IRQHandler
                0x08001aa4                DMA2_Stream1_IRQHandler
                0x08001aa4                CAN1_SCE_IRQHandler
                0x08001aa4                FLASH_IRQHandler
                0x08001aa4                DMA2_Stream4_IRQHandler
                0x08001aa4                USART1_IRQHandler
                0x08001aa4                OTG_FS_IRQHandler
                0x08001aa4                SPI3_IRQHandler
                0x08001aa4                DMA1_Stream4_IRQHandler
                0x08001aa4                I2C1_ER_IRQHandler
                0x08001aa4                FMC_IRQHandler
                0x08001aa4                LPTIM1_IRQHandler
                0x08001aa4                I2C4_ER_IRQHandler
                0x08001aa4                DMA2_Stream6_IRQHandler
                0x08001aa4                SAI1_IRQHandler
                0x08001aa4                DMA1_Stream3_IRQHandler
 .text.HAL_Init
                0x08001aa6       0x1a ./Drivers/STM32F7xx_HAL_Driver/Src/stm32f7xx_hal.o
                0x08001aa6                HAL_Init
 .text.HAL_InitTick
                0x08001ac0       0x60 ./Drivers/STM32F7xx_HAL_Driver/Src/stm32f7xx_hal.o
                0x08001ac0                HAL_InitTick
 .text.HAL_IncTick
                0x08001b20       0x28 ./Drivers/STM32F7xx_HAL_Driver/Src/stm32f7xx_hal.o
                0x08001b20                HAL_IncTick
 .text.HAL_GetTick
                0x08001b48       0x18 ./Drivers/STM32F7xx_HAL_Driver/Src/stm32f7xx_hal.o
                0x08001b48                HAL_GetTick
 .text.HAL_Delay
                0x08001b60       0x48 ./Drivers/STM32F7xx_HAL_Driver/Src/stm32f7xx_hal.o
                0x08001b60                HAL_Delay
 .text.HAL_ADC_Init
                0x08001ba8       0x88 ./Drivers/STM32F7xx_HAL_Driver/Src/stm32f7xx_hal_adc.o
                0x08001ba8                HAL_ADC_Init
 .text.HAL_ADC_Start
                0x08001c30      0x19c ./Drivers/STM32F7xx_HAL_Driver/Src/stm32f7xx_hal_adc.o
                0x08001c30                HAL_ADC_Start
 .text.HAL_ADC_PollForConversion
                0x08001dcc      0x116 ./Drivers/STM32F7xx_HAL_Driver/Src/stm32f7xx_hal_adc.o
                0x08001dcc                HAL_ADC_PollForConversion
 .text.HAL_ADC_GetValue
                0x08001ee2       0x1a ./Drivers/STM32F7xx_HAL_Driver/Src/stm32f7xx_hal_adc.o
                0x08001ee2                HAL_ADC_GetValue
 .text.HAL_ADC_ConfigChannel
                0x08001efc      0x2b4 ./Drivers/STM32F7xx_HAL_Driver/Src/stm32f7xx_hal_adc.o
                0x08001efc                HAL_ADC_ConfigChannel
 .text.ADC_Init
                0x080021b0      0x1f4 ./Drivers/STM32F7xx_HAL_Driver/Src/stm32f7xx_hal_adc.o
 .text.__NVIC_SetPriorityGrouping
                0x080023a4       0x48 ./Drivers/STM32F7xx_HAL_Driver/Src/stm32f7xx_hal_cortex.o
 .text.__NVIC_GetPriorityGrouping
                0x080023ec       0x1c ./Drivers/STM32F7xx_HAL_Driver/Src/stm32f7xx_hal_cortex.o
 .text.__NVIC_SetPriority
                0x08002408       0x54 ./Drivers/STM32F7xx_HAL_Driver/Src/stm32f7xx_hal_cortex.o
 .text.NVIC_EncodePriority
                0x0800245c       0x66 ./Drivers/STM32F7xx_HAL_Driver/Src/stm32f7xx_hal_cortex.o
 *fill*         0x080024c2        0x2 
 .text.SysTick_Config
                0x080024c4       0x44 ./Drivers/STM32F7xx_HAL_Driver/Src/stm32f7xx_hal_cortex.o
 .text.HAL_NVIC_SetPriorityGrouping
                0x08002508       0x16 ./Drivers/STM32F7xx_HAL_Driver/Src/stm32f7xx_hal_cortex.o
                0x08002508                HAL_NVIC_SetPriorityGrouping
 .text.HAL_NVIC_SetPriority
                0x0800251e       0x38 ./Drivers/STM32F7xx_HAL_Driver/Src/stm32f7xx_hal_cortex.o
                0x0800251e                HAL_NVIC_SetPriority
 .text.HAL_SYSTICK_Config
                0x08002556       0x18 ./Drivers/STM32F7xx_HAL_Driver/Src/stm32f7xx_hal_cortex.o
                0x08002556                HAL_SYSTICK_Config
 *fill*         0x0800256e        0x2 
 .text.HAL_MPU_Disable
                0x08002570       0x30 ./Drivers/STM32F7xx_HAL_Driver/Src/stm32f7xx_hal_cortex.o
                0x08002570                HAL_MPU_Disable
 .text.HAL_MPU_Enable
                0x080025a0       0x40 ./Drivers/STM32F7xx_HAL_Driver/Src/stm32f7xx_hal_cortex.o
                0x080025a0                HAL_MPU_Enable
 .text.HAL_MPU_ConfigRegion
                0x080025e0       0x80 ./Drivers/STM32F7xx_HAL_Driver/Src/stm32f7xx_hal_cortex.o
                0x080025e0                HAL_MPU_ConfigRegion
 .text.HAL_ETH_Init
                0x08002660      0x134 ./Drivers/STM32F7xx_HAL_Driver/Src/stm32f7xx_hal_eth.o
                0x08002660                HAL_ETH_Init
 .text.ETH_SetMACConfig
                0x08002794      0x168 ./Drivers/STM32F7xx_HAL_Driver/Src/stm32f7xx_hal_eth.o
 .text.ETH_SetDMAConfig
                0x080028fc      0x114 ./Drivers/STM32F7xx_HAL_Driver/Src/stm32f7xx_hal_eth.o
 .text.ETH_MACDMAConfig
                0x08002a10       0xea ./Drivers/STM32F7xx_HAL_Driver/Src/stm32f7xx_hal_eth.o
 *fill*         0x08002afa        0x2 
 .text.ETH_MACAddressConfig
                0x08002afc       0x70 ./Drivers/STM32F7xx_HAL_Driver/Src/stm32f7xx_hal_eth.o
 .text.ETH_DMATxDescListInit
                0x08002b6c       0xb2 ./Drivers/STM32F7xx_HAL_Driver/Src/stm32f7xx_hal_eth.o
 .text.ETH_DMARxDescListInit
                0x08002c1e       0xde ./Drivers/STM32F7xx_HAL_Driver/Src/stm32f7xx_hal_eth.o
 .text.HAL_GPIO_Init
                0x08002cfc      0x358 ./Drivers/STM32F7xx_HAL_Driver/Src/stm32f7xx_hal_gpio.o
                0x08002cfc                HAL_GPIO_Init
 .text.HAL_GPIO_WritePin
                0x08003054       0x32 ./Drivers/STM32F7xx_HAL_Driver/Src/stm32f7xx_hal_gpio.o
                0x08003054                HAL_GPIO_WritePin
 .text.HAL_PCD_Init
                0x08003086      0x22c ./Drivers/STM32F7xx_HAL_Driver/Src/stm32f7xx_hal_pcd.o
                0x08003086                HAL_PCD_Init
 *fill*         0x080032b2        0x2 
 .text.HAL_PCDEx_ActivateLPM
                0x080032b4       0x48 ./Drivers/STM32F7xx_HAL_Driver/Src/stm32f7xx_hal_pcd_ex.o
                0x080032b4                HAL_PCDEx_ActivateLPM
 .text.HAL_PWR_EnableBkUpAccess
                0x080032fc       0x20 ./Drivers/STM32F7xx_HAL_Driver/Src/stm32f7xx_hal_pwr.o
                0x080032fc                HAL_PWR_EnableBkUpAccess
 .text.HAL_PWREx_EnableOverDrive
                0x0800331c       0xa0 ./Drivers/STM32F7xx_HAL_Driver/Src/stm32f7xx_hal_pwr_ex.o
                0x0800331c                HAL_PWREx_EnableOverDrive
 .text.HAL_RCC_OscConfig
                0x080033bc      0x55c ./Drivers/STM32F7xx_HAL_Driver/Src/stm32f7xx_hal_rcc.o
                0x080033bc                HAL_RCC_OscConfig
 .text.HAL_RCC_ClockConfig
                0x08003918      0x1d8 ./Drivers/STM32F7xx_HAL_Driver/Src/stm32f7xx_hal_rcc.o
                0x08003918                HAL_RCC_ClockConfig
 .text.HAL_RCC_GetSysClockFreq
                0x08003af0      0x20c ./Drivers/STM32F7xx_HAL_Driver/Src/stm32f7xx_hal_rcc.o
                0x08003af0                HAL_RCC_GetSysClockFreq
 .text.HAL_RCC_GetHCLKFreq
                0x08003cfc       0x18 ./Drivers/STM32F7xx_HAL_Driver/Src/stm32f7xx_hal_rcc.o
                0x08003cfc                HAL_RCC_GetHCLKFreq
 .text.HAL_RCC_GetPCLK1Freq
                0x08003d14       0x28 ./Drivers/STM32F7xx_HAL_Driver/Src/stm32f7xx_hal_rcc.o
                0x08003d14                HAL_RCC_GetPCLK1Freq
 .text.HAL_RCC_GetPCLK2Freq
                0x08003d3c       0x28 ./Drivers/STM32F7xx_HAL_Driver/Src/stm32f7xx_hal_rcc.o
                0x08003d3c                HAL_RCC_GetPCLK2Freq
 .text.HAL_RCCEx_PeriphCLKConfig
                0x08003d64      0x850 ./Drivers/STM32F7xx_HAL_Driver/Src/stm32f7xx_hal_rcc_ex.o
                0x08003d64                HAL_RCCEx_PeriphCLKConfig
 .text.HAL_TIM_Base_Init
                0x080045b4       0xae ./Drivers/STM32F7xx_HAL_Driver/Src/stm32f7xx_hal_tim.o
                0x080045b4                HAL_TIM_Base_Init
 *fill*         0x08004662        0x2 
 .text.HAL_TIM_Base_Start_IT
                0x08004664       0xf0 ./Drivers/STM32F7xx_HAL_Driver/Src/stm32f7xx_hal_tim.o
                0x08004664                HAL_TIM_Base_Start_IT
 .text.HAL_TIM_PWM_Init
                0x08004754       0xae ./Drivers/STM32F7xx_HAL_Driver/Src/stm32f7xx_hal_tim.o
                0x08004754                HAL_TIM_PWM_Init
 *fill*         0x08004802        0x2 
 .text.HAL_TIM_PWM_Start
                0x08004804      0x1f4 ./Drivers/STM32F7xx_HAL_Driver/Src/stm32f7xx_hal_tim.o
                0x08004804                HAL_TIM_PWM_Start
 .text.HAL_TIM_PWM_ConfigChannel
                0x080049f8      0x228 ./Drivers/STM32F7xx_HAL_Driver/Src/stm32f7xx_hal_tim.o
                0x080049f8                HAL_TIM_PWM_ConfigChannel
 .text.TIM_Base_SetConfig
                0x08004c20      0x14c ./Drivers/STM32F7xx_HAL_Driver/Src/stm32f7xx_hal_tim.o
                0x08004c20                TIM_Base_SetConfig
 .text.TIM_OC1_SetConfig
                0x08004d6c       0xe4 ./Drivers/STM32F7xx_HAL_Driver/Src/stm32f7xx_hal_tim.o
 .text.TIM_OC2_SetConfig
                0x08004e50       0xf0 ./Drivers/STM32F7xx_HAL_Driver/Src/stm32f7xx_hal_tim.o
                0x08004e50                TIM_OC2_SetConfig
 .text.TIM_OC3_SetConfig
                0x08004f40       0xec ./Drivers/STM32F7xx_HAL_Driver/Src/stm32f7xx_hal_tim.o
 .text.TIM_OC4_SetConfig
                0x0800502c       0xb0 ./Drivers/STM32F7xx_HAL_Driver/Src/stm32f7xx_hal_tim.o
 .text.TIM_OC5_SetConfig
                0x080050dc       0xa4 ./Drivers/STM32F7xx_HAL_Driver/Src/stm32f7xx_hal_tim.o
 .text.TIM_OC6_SetConfig
                0x08005180       0xa8 ./Drivers/STM32F7xx_HAL_Driver/Src/stm32f7xx_hal_tim.o
 .text.TIM_CCxChannelCmd
                0x08005228       0x4a ./Drivers/STM32F7xx_HAL_Driver/Src/stm32f7xx_hal_tim.o
                0x08005228                TIM_CCxChannelCmd
 *fill*         0x08005272        0x2 
 .text.HAL_TIMEx_MasterConfigSynchronization
                0x08005274      0x11c ./Drivers/STM32F7xx_HAL_Driver/Src/stm32f7xx_hal_tim_ex.o
                0x08005274                HAL_TIMEx_MasterConfigSynchronization
 .text.HAL_UART_Init
                0x08005390       0x9c ./Drivers/STM32F7xx_HAL_Driver/Src/stm32f7xx_hal_uart.o
                0x08005390                HAL_UART_Init
 .text.HAL_UART_Transmit
                0x0800542c      0x112 ./Drivers/STM32F7xx_HAL_Driver/Src/stm32f7xx_hal_uart.o
                0x0800542c                HAL_UART_Transmit
 .text.HAL_UART_Receive_IT
                0x0800553e       0x88 ./Drivers/STM32F7xx_HAL_Driver/Src/stm32f7xx_hal_uart.o
                0x0800553e                HAL_UART_Receive_IT
 .text.HAL_UARTEx_RxEventCallback
                0x080055c6       0x18 ./Drivers/STM32F7xx_HAL_Driver/Src/stm32f7xx_hal_uart.o
                0x080055c6                HAL_UARTEx_RxEventCallback
 *fill*         0x080055de        0x2 
 .text.UART_SetConfig
                0x080055e0      0x4c8 ./Drivers/STM32F7xx_HAL_Driver/Src/stm32f7xx_hal_uart.o
                0x080055e0                UART_SetConfig
 .text.UART_AdvFeatureConfig
                0x08005aa8      0x144 ./Drivers/STM32F7xx_HAL_Driver/Src/stm32f7xx_hal_uart.o
                0x08005aa8                UART_AdvFeatureConfig
 .text.UART_CheckIdleState
                0x08005bec      0x150 ./Drivers/STM32F7xx_HAL_Driver/Src/stm32f7xx_hal_uart.o
                0x08005bec                UART_CheckIdleState
 .text.UART_WaitOnFlagUntilTimeout
                0x08005d3c       0xda ./Drivers/STM32F7xx_HAL_Driver/Src/stm32f7xx_hal_uart.o
                0x08005d3c                UART_WaitOnFlagUntilTimeout
 *fill*         0x08005e16        0x2 
 .text.UART_Start_Receive_IT
                0x08005e18      0x18c ./Drivers/STM32F7xx_HAL_Driver/Src/stm32f7xx_hal_uart.o
                0x08005e18                UART_Start_Receive_IT
 .text.UART_EndRxTransfer
                0x08005fa4       0xc8 ./Drivers/STM32F7xx_HAL_Driver/Src/stm32f7xx_hal_uart.o
 .text.UART_RxISR_8BIT
                0x0800606c      0x1a8 ./Drivers/STM32F7xx_HAL_Driver/Src/stm32f7xx_hal_uart.o
 .text.UART_RxISR_16BIT
                0x08006214      0x1a8 ./Drivers/STM32F7xx_HAL_Driver/Src/stm32f7xx_hal_uart.o
 .text.USB_CoreInit
                0x080063bc       0xb4 ./Drivers/STM32F7xx_HAL_Driver/Src/stm32f7xx_ll_usb.o
                0x080063bc                USB_CoreInit
 .text.USB_DisableGlobalInt
                0x08006470       0x22 ./Drivers/STM32F7xx_HAL_Driver/Src/stm32f7xx_ll_usb.o
                0x08006470                USB_DisableGlobalInt
 .text.USB_SetCurrentMode
                0x08006492       0x98 ./Drivers/STM32F7xx_HAL_Driver/Src/stm32f7xx_ll_usb.o
                0x08006492                USB_SetCurrentMode
 *fill*         0x0800652a        0x2 
 .text.USB_DevInit
                0x0800652c      0x2bc ./Drivers/STM32F7xx_HAL_Driver/Src/stm32f7xx_ll_usb.o
                0x0800652c                USB_DevInit
 .text.USB_FlushTxFifo
                0x080067e8       0x64 ./Drivers/STM32F7xx_HAL_Driver/Src/stm32f7xx_ll_usb.o
                0x080067e8                USB_FlushTxFifo
 .text.USB_FlushRxFifo
                0x0800684c       0x5c ./Drivers/STM32F7xx_HAL_Driver/Src/stm32f7xx_ll_usb.o
                0x0800684c                USB_FlushRxFifo
 .text.USB_SetDevSpeed
                0x080068a8       0x32 ./Drivers/STM32F7xx_HAL_Driver/Src/stm32f7xx_ll_usb.o
                0x080068a8                USB_SetDevSpeed
 .text.USB_DevDisconnect
                0x080068da       0x42 ./Drivers/STM32F7xx_HAL_Driver/Src/stm32f7xx_ll_usb.o
                0x080068da                USB_DevDisconnect
 .text.USB_GetMode
                0x0800691c       0x1c ./Drivers/STM32F7xx_HAL_Driver/Src/stm32f7xx_ll_usb.o
                0x0800691c                USB_GetMode
 .text.USB_CoreReset
                0x08006938       0x70 ./Drivers/STM32F7xx_HAL_Driver/Src/stm32f7xx_ll_usb.o
 .text.std      0x080069a8       0x6c C:/Users/Admin/Documents/engenharia_da_computacao/CubeIDE/STM32CubeIDE_2.1.1/STM32CubeIDE/plugins/com.st.stm32cube.ide.mcu.externaltools.gnu-tools-for-stm32.14.3.rel1.win32_1.0.100.202602081740/tools/bin/../lib/gcc/arm-none-eabi/14.3.1/../../../../arm-none-eabi/lib/thumb/v7e-m+dp/hard\libc_nano.a(libc_a-findfp.o)
 .text.stdio_exit_handler
                0x08006a14       0x18 C:/Users/Admin/Documents/engenharia_da_computacao/CubeIDE/STM32CubeIDE_2.1.1/STM32CubeIDE/plugins/com.st.stm32cube.ide.mcu.externaltools.gnu-tools-for-stm32.14.3.rel1.win32_1.0.100.202602081740/tools/bin/../lib/gcc/arm-none-eabi/14.3.1/../../../../arm-none-eabi/lib/thumb/v7e-m+dp/hard\libc_nano.a(libc_a-findfp.o)
 .text.cleanup_stdio
                0x08006a2c       0x40 C:/Users/Admin/Documents/engenharia_da_computacao/CubeIDE/STM32CubeIDE_2.1.1/STM32CubeIDE/plugins/com.st.stm32cube.ide.mcu.externaltools.gnu-tools-for-stm32.14.3.rel1.win32_1.0.100.202602081740/tools/bin/../lib/gcc/arm-none-eabi/14.3.1/../../../../arm-none-eabi/lib/thumb/v7e-m+dp/hard\libc_nano.a(libc_a-findfp.o)
 .text.global_stdio_init.part.0
                0x08006a6c       0x40 C:/Users/Admin/Documents/engenharia_da_computacao/CubeIDE/STM32CubeIDE_2.1.1/STM32CubeIDE/plugins/com.st.stm32cube.ide.mcu.externaltools.gnu-tools-for-stm32.14.3.rel1.win32_1.0.100.202602081740/tools/bin/../lib/gcc/arm-none-eabi/14.3.1/../../../../arm-none-eabi/lib/thumb/v7e-m+dp/hard\libc_nano.a(libc_a-findfp.o)
 .text.__sfp_lock_acquire
                0x08006aac        0xc C:/Users/Admin/Documents/engenharia_da_computacao/CubeIDE/STM32CubeIDE_2.1.1/STM32CubeIDE/plugins/com.st.stm32cube.ide.mcu.externaltools.gnu-tools-for-stm32.14.3.rel1.win32_1.0.100.202602081740/tools/bin/../lib/gcc/arm-none-eabi/14.3.1/../../../../arm-none-eabi/lib/thumb/v7e-m+dp/hard\libc_nano.a(libc_a-findfp.o)
                0x08006aac                __sfp_lock_acquire
 .text.__sfp_lock_release
                0x08006ab8        0xc C:/Users/Admin/Documents/engenharia_da_computacao/CubeIDE/STM32CubeIDE_2.1.1/STM32CubeIDE/plugins/com.st.stm32cube.ide.mcu.externaltools.gnu-tools-for-stm32.14.3.rel1.win32_1.0.100.202602081740/tools/bin/../lib/gcc/arm-none-eabi/14.3.1/../../../../arm-none-eabi/lib/thumb/v7e-m+dp/hard\libc_nano.a(libc_a-findfp.o)
                0x08006ab8                __sfp_lock_release
 .text.__sinit  0x08006ac4       0x30 C:/Users/Admin/Documents/engenharia_da_computacao/CubeIDE/STM32CubeIDE_2.1.1/STM32CubeIDE/plugins/com.st.stm32cube.ide.mcu.externaltools.gnu-tools-for-stm32.14.3.rel1.win32_1.0.100.202602081740/tools/bin/../lib/gcc/arm-none-eabi/14.3.1/../../../../arm-none-eabi/lib/thumb/v7e-m+dp/hard\libc_nano.a(libc_a-findfp.o)
                0x08006ac4                __sinit
 .text._fwalk_sglue
                0x08006af4       0x3c C:/Users/Admin/Documents/engenharia_da_computacao/CubeIDE/STM32CubeIDE_2.1.1/STM32CubeIDE/plugins/com.st.stm32cube.ide.mcu.externaltools.gnu-tools-for-stm32.14.3.rel1.win32_1.0.100.202602081740/tools/bin/../lib/gcc/arm-none-eabi/14.3.1/../../../../arm-none-eabi/lib/thumb/v7e-m+dp/hard\libc_nano.a(libc_a-fwalk.o)
                0x08006af4                _fwalk_sglue
 .text.printf   0x08006b30       0x24 C:/Users/Admin/Documents/engenharia_da_computacao/CubeIDE/STM32CubeIDE_2.1.1/STM32CubeIDE/plugins/com.st.stm32cube.ide.mcu.externaltools.gnu-tools-for-stm32.14.3.rel1.win32_1.0.100.202602081740/tools/bin/../lib/gcc/arm-none-eabi/14.3.1/../../../../arm-none-eabi/lib/thumb/v7e-m+dp/hard\libc_nano.a(libc_a-printf.o)
                0x08006b30                iprintf
                0x08006b30                printf
 .text.snprintf
                0x08006b54       0x6c C:/Users/Admin/Documents/engenharia_da_computacao/CubeIDE/STM32CubeIDE_2.1.1/STM32CubeIDE/plugins/com.st.stm32cube.ide.mcu.externaltools.gnu-tools-for-stm32.14.3.rel1.win32_1.0.100.202602081740/tools/bin/../lib/gcc/arm-none-eabi/14.3.1/../../../../arm-none-eabi/lib/thumb/v7e-m+dp/hard\libc_nano.a(libc_a-snprintf.o)
                0x08006b54                sniprintf
                0x08006b54                snprintf
 .text.__sread  0x08006bc0       0x22 C:/Users/Admin/Documents/engenharia_da_computacao/CubeIDE/STM32CubeIDE_2.1.1/STM32CubeIDE/plugins/com.st.stm32cube.ide.mcu.externaltools.gnu-tools-for-stm32.14.3.rel1.win32_1.0.100.202602081740/tools/bin/../lib/gcc/arm-none-eabi/14.3.1/../../../../arm-none-eabi/lib/thumb/v7e-m+dp/hard\libc_nano.a(libc_a-stdio.o)
                0x08006bc0                __sread
 .text.__swrite
                0x08006be2       0x38 C:/Users/Admin/Documents/engenharia_da_computacao/CubeIDE/STM32CubeIDE_2.1.1/STM32CubeIDE/plugins/com.st.stm32cube.ide.mcu.externaltools.gnu-tools-for-stm32.14.3.rel1.win32_1.0.100.202602081740/tools/bin/../lib/gcc/arm-none-eabi/14.3.1/../../../../arm-none-eabi/lib/thumb/v7e-m+dp/hard\libc_nano.a(libc_a-stdio.o)
                0x08006be2                __swrite
 .text.__sseek  0x08006c1a       0x26 C:/Users/Admin/Documents/engenharia_da_computacao/CubeIDE/STM32CubeIDE_2.1.1/STM32CubeIDE/plugins/com.st.stm32cube.ide.mcu.externaltools.gnu-tools-for-stm32.14.3.rel1.win32_1.0.100.202602081740/tools/bin/../lib/gcc/arm-none-eabi/14.3.1/../../../../arm-none-eabi/lib/thumb/v7e-m+dp/hard\libc_nano.a(libc_a-stdio.o)
                0x08006c1a                __sseek
 .text.__sclose
                0x08006c40        0x8 C:/Users/Admin/Documents/engenharia_da_computacao/CubeIDE/STM32CubeIDE_2.1.1/STM32CubeIDE/plugins/com.st.stm32cube.ide.mcu.externaltools.gnu-tools-for-stm32.14.3.rel1.win32_1.0.100.202602081740/tools/bin/../lib/gcc/arm-none-eabi/14.3.1/../../../../arm-none-eabi/lib/thumb/v7e-m+dp/hard\libc_nano.a(libc_a-stdio.o)
                0x08006c40                __sclose
 .text.memset   0x08006c48       0x10 C:/Users/Admin/Documents/engenharia_da_computacao/CubeIDE/STM32CubeIDE_2.1.1/STM32CubeIDE/plugins/com.st.stm32cube.ide.mcu.externaltools.gnu-tools-for-stm32.14.3.rel1.win32_1.0.100.202602081740/tools/bin/../lib/gcc/arm-none-eabi/14.3.1/../../../../arm-none-eabi/lib/thumb/v7e-m+dp/hard\libc_nano.a(libc_a-memset.o)
                0x08006c48                memset
 .text.strncmp  0x08006c58       0x24 C:/Users/Admin/Documents/engenharia_da_computacao/CubeIDE/STM32CubeIDE_2.1.1/STM32CubeIDE/plugins/com.st.stm32cube.ide.mcu.externaltools.gnu-tools-for-stm32.14.3.rel1.win32_1.0.100.202602081740/tools/bin/../lib/gcc/arm-none-eabi/14.3.1/../../../../arm-none-eabi/lib/thumb/v7e-m+dp/hard\libc_nano.a(libc_a-strncmp.o)
                0x08006c58                strncmp
 .text._close_r
                0x08006c7c       0x20 C:/Users/Admin/Documents/engenharia_da_computacao/CubeIDE/STM32CubeIDE_2.1.1/STM32CubeIDE/plugins/com.st.stm32cube.ide.mcu.externaltools.gnu-tools-for-stm32.14.3.rel1.win32_1.0.100.202602081740/tools/bin/../lib/gcc/arm-none-eabi/14.3.1/../../../../arm-none-eabi/lib/thumb/v7e-m+dp/hard\libc_nano.a(libc_a-closer.o)
                0x08006c7c                _close_r
 .text._lseek_r
                0x08006c9c       0x24 C:/Users/Admin/Documents/engenharia_da_computacao/CubeIDE/STM32CubeIDE_2.1.1/STM32CubeIDE/plugins/com.st.stm32cube.ide.mcu.externaltools.gnu-tools-for-stm32.14.3.rel1.win32_1.0.100.202602081740/tools/bin/../lib/gcc/arm-none-eabi/14.3.1/../../../../arm-none-eabi/lib/thumb/v7e-m+dp/hard\libc_nano.a(libc_a-lseekr.o)
                0x08006c9c                _lseek_r
 .text._read_r  0x08006cc0       0x24 C:/Users/Admin/Documents/engenharia_da_computacao/CubeIDE/STM32CubeIDE_2.1.1/STM32CubeIDE/plugins/com.st.stm32cube.ide.mcu.externaltools.gnu-tools-for-stm32.14.3.rel1.win32_1.0.100.202602081740/tools/bin/../lib/gcc/arm-none-eabi/14.3.1/../../../../arm-none-eabi/lib/thumb/v7e-m+dp/hard\libc_nano.a(libc_a-readr.o)
                0x08006cc0                _read_r
 .text._write_r
                0x08006ce4       0x24 C:/Users/Admin/Documents/engenharia_da_computacao/CubeIDE/STM32CubeIDE_2.1.1/STM32CubeIDE/plugins/com.st.stm32cube.ide.mcu.externaltools.gnu-tools-for-stm32.14.3.rel1.win32_1.0.100.202602081740/tools/bin/../lib/gcc/arm-none-eabi/14.3.1/../../../../arm-none-eabi/lib/thumb/v7e-m+dp/hard\libc_nano.a(libc_a-writer.o)
                0x08006ce4                _write_r
 .text.__errno  0x08006d08        0xc C:/Users/Admin/Documents/engenharia_da_computacao/CubeIDE/STM32CubeIDE_2.1.1/STM32CubeIDE/plugins/com.st.stm32cube.ide.mcu.externaltools.gnu-tools-for-stm32.14.3.rel1.win32_1.0.100.202602081740/tools/bin/../lib/gcc/arm-none-eabi/14.3.1/../../../../arm-none-eabi/lib/thumb/v7e-m+dp/hard\libc_nano.a(libc_a-errno.o)
                0x08006d08                __errno
 .text.__libc_init_array
                0x08006d14       0x48 C:/Users/Admin/Documents/engenharia_da_computacao/CubeIDE/STM32CubeIDE_2.1.1/STM32CubeIDE/plugins/com.st.stm32cube.ide.mcu.externaltools.gnu-tools-for-stm32.14.3.rel1.win32_1.0.100.202602081740/tools/bin/../lib/gcc/arm-none-eabi/14.3.1/../../../../arm-none-eabi/lib/thumb/v7e-m+dp/hard\libc_nano.a(libc_a-init.o)
                0x08006d14                __libc_init_array
 .text.__retarget_lock_init_recursive
                0x08006d5c        0x2 C:/Users/Admin/Documents/engenharia_da_computacao/CubeIDE/STM32CubeIDE_2.1.1/STM32CubeIDE/plugins/com.st.stm32cube.ide.mcu.externaltools.gnu-tools-for-stm32.14.3.rel1.win32_1.0.100.202602081740/tools/bin/../lib/gcc/arm-none-eabi/14.3.1/../../../../arm-none-eabi/lib/thumb/v7e-m+dp/hard\libc_nano.a(libc_a-lock.o)
                0x08006d5c                __retarget_lock_init_recursive
 .text.__retarget_lock_acquire_recursive
                0x08006d5e        0x2 C:/Users/Admin/Documents/engenharia_da_computacao/CubeIDE/STM32CubeIDE_2.1.1/STM32CubeIDE/plugins/com.st.stm32cube.ide.mcu.externaltools.gnu-tools-for-stm32.14.3.rel1.win32_1.0.100.202602081740/tools/bin/../lib/gcc/arm-none-eabi/14.3.1/../../../../arm-none-eabi/lib/thumb/v7e-m+dp/hard\libc_nano.a(libc_a-lock.o)
                0x08006d5e                __retarget_lock_acquire_recursive
 .text.__retarget_lock_release_recursive
                0x08006d60        0x2 C:/Users/Admin/Documents/engenharia_da_computacao/CubeIDE/STM32CubeIDE_2.1.1/STM32CubeIDE/plugins/com.st.stm32cube.ide.mcu.externaltools.gnu-tools-for-stm32.14.3.rel1.win32_1.0.100.202602081740/tools/bin/../lib/gcc/arm-none-eabi/14.3.1/../../../../arm-none-eabi/lib/thumb/v7e-m+dp/hard\libc_nano.a(libc_a-lock.o)
                0x08006d60                __retarget_lock_release_recursive
 *fill*         0x08006d62        0x2 
 .text._free_r  0x08006d64       0x94 C:/Users/Admin/Documents/engenharia_da_computacao/CubeIDE/STM32CubeIDE_2.1.1/STM32CubeIDE/plugins/com.st.stm32cube.ide.mcu.externaltools.gnu-tools-for-stm32.14.3.rel1.win32_1.0.100.202602081740/tools/bin/../lib/gcc/arm-none-eabi/14.3.1/../../../../arm-none-eabi/lib/thumb/v7e-m+dp/hard\libc_nano.a(libc_a-freer.o)
                0x08006d64                _free_r
 .text.sbrk_aligned
                0x08006df8       0x44 C:/Users/Admin/Documents/engenharia_da_computacao/CubeIDE/STM32CubeIDE_2.1.1/STM32CubeIDE/plugins/com.st.stm32cube.ide.mcu.externaltools.gnu-tools-for-stm32.14.3.rel1.win32_1.0.100.202602081740/tools/bin/../lib/gcc/arm-none-eabi/14.3.1/../../../../arm-none-eabi/lib/thumb/v7e-m+dp/hard\libc_nano.a(libc_a-mallocr.o)
 .text._malloc_r
                0x08006e3c      0x100 C:/Users/Admin/Documents/engenharia_da_computacao/CubeIDE/STM32CubeIDE_2.1.1/STM32CubeIDE/plugins/com.st.stm32cube.ide.mcu.externaltools.gnu-tools-for-stm32.14.3.rel1.win32_1.0.100.202602081740/tools/bin/../lib/gcc/arm-none-eabi/14.3.1/../../../../arm-none-eabi/lib/thumb/v7e-m+dp/hard\libc_nano.a(libc_a-mallocr.o)
                0x08006e3c                _malloc_r
 .text.__malloc_lock
                0x08006f3c        0xc C:/Users/Admin/Documents/engenharia_da_computacao/CubeIDE/STM32CubeIDE_2.1.1/STM32CubeIDE/plugins/com.st.stm32cube.ide.mcu.externaltools.gnu-tools-for-stm32.14.3.rel1.win32_1.0.100.202602081740/tools/bin/../lib/gcc/arm-none-eabi/14.3.1/../../../../arm-none-eabi/lib/thumb/v7e-m+dp/hard\libc_nano.a(libc_a-mlock.o)
                0x08006f3c                __malloc_lock
 .text.__malloc_unlock
                0x08006f48        0xc C:/Users/Admin/Documents/engenharia_da_computacao/CubeIDE/STM32CubeIDE_2.1.1/STM32CubeIDE/plugins/com.st.stm32cube.ide.mcu.externaltools.gnu-tools-for-stm32.14.3.rel1.win32_1.0.100.202602081740/tools/bin/../lib/gcc/arm-none-eabi/14.3.1/../../../../arm-none-eabi/lib/thumb/v7e-m+dp/hard\libc_nano.a(libc_a-mlock.o)
                0x08006f48                __malloc_unlock
 .text.__ssputs_r
                0x08006f54       0xc0 C:/Users/Admin/Documents/engenharia_da_computacao/CubeIDE/STM32CubeIDE_2.1.1/STM32CubeIDE/plugins/com.st.stm32cube.ide.mcu.externaltools.gnu-tools-for-stm32.14.3.rel1.win32_1.0.100.202602081740/tools/bin/../lib/gcc/arm-none-eabi/14.3.1/../../../../arm-none-eabi/lib/thumb/v7e-m+dp/hard\libc_nano.a(libc_a-nano-svfprintf.o)
                0x08006f54                __ssputs_r
 .text._svfprintf_r
                0x08007014      0x1f0 C:/Users/Admin/Documents/engenharia_da_computacao/CubeIDE/STM32CubeIDE_2.1.1/STM32CubeIDE/plugins/com.st.stm32cube.ide.mcu.externaltools.gnu-tools-for-stm32.14.3.rel1.win32_1.0.100.202602081740/tools/bin/../lib/gcc/arm-none-eabi/14.3.1/../../../../arm-none-eabi/lib/thumb/v7e-m+dp/hard\libc_nano.a(libc_a-nano-svfprintf.o)
                0x08007014                _svfiprintf_r
                0x08007014                _svfprintf_r
 .text.__sfputc_r
                0x08007204       0x2e C:/Users/Admin/Documents/engenharia_da_computacao/CubeIDE/STM32CubeIDE_2.1.1/STM32CubeIDE/plugins/com.st.stm32cube.ide.mcu.externaltools.gnu-tools-for-stm32.14.3.rel1.win32_1.0.100.202602081740/tools/bin/../lib/gcc/arm-none-eabi/14.3.1/../../../../arm-none-eabi/lib/thumb/v7e-m+dp/hard\libc_nano.a(libc_a-nano-vfprintf.o)
 .text.__sfputs_r
                0x08007232       0x24 C:/Users/Admin/Documents/engenharia_da_computacao/CubeIDE/STM32CubeIDE_2.1.1/STM32CubeIDE/plugins/com.st.stm32cube.ide.mcu.externaltools.gnu-tools-for-stm32.14.3.rel1.win32_1.0.100.202602081740/tools/bin/../lib/gcc/arm-none-eabi/14.3.1/../../../../arm-none-eabi/lib/thumb/v7e-m+dp/hard\libc_nano.a(libc_a-nano-vfprintf.o)
                0x08007232                __sfputs_r
 *fill*         0x08007256        0x2 
 .text._vfprintf_r
                0x08007258      0x228 C:/Users/Admin/Documents/engenharia_da_computacao/CubeIDE/STM32CubeIDE_2.1.1/STM32CubeIDE/plugins/com.st.stm32cube.ide.mcu.externaltools.gnu-tools-for-stm32.14.3.rel1.win32_1.0.100.202602081740/tools/bin/../lib/gcc/arm-none-eabi/14.3.1/../../../../arm-none-eabi/lib/thumb/v7e-m+dp/hard\libc_nano.a(libc_a-nano-vfprintf.o)
                0x08007258                _vfprintf_r
                0x08007258                _vfiprintf_r
 .text._printf_common
                0x08007480       0xda C:/Users/Admin/Documents/engenharia_da_computacao/CubeIDE/STM32CubeIDE_2.1.1/STM32CubeIDE/plugins/com.st.stm32cube.ide.mcu.externaltools.gnu-tools-for-stm32.14.3.rel1.win32_1.0.100.202602081740/tools/bin/../lib/gcc/arm-none-eabi/14.3.1/../../../../arm-none-eabi/lib/thumb/v7e-m+dp/hard\libc_nano.a(libc_a-nano-vfprintf_i.o)
                0x08007480                _printf_common
 *fill*         0x0800755a        0x2 
 .text._printf_i
                0x0800755c      0x24c C:/Users/Admin/Documents/engenharia_da_computacao/CubeIDE/STM32CubeIDE_2.1.1/STM32CubeIDE/plugins/com.st.stm32cube.ide.mcu.externaltools.gnu-tools-for-stm32.14.3.rel1.win32_1.0.100.202602081740/tools/bin/../lib/gcc/arm-none-eabi/14.3.1/../../../../arm-none-eabi/lib/thumb/v7e-m+dp/hard\libc_nano.a(libc_a-nano-vfprintf_i.o)
                0x0800755c                _printf_i
 .text.__sflush_r
                0x080077a8      0x104 C:/Users/Admin/Documents/engenharia_da_computacao/CubeIDE/STM32CubeIDE_2.1.1/STM32CubeIDE/plugins/com.st.stm32cube.ide.mcu.externaltools.gnu-tools-for-stm32.14.3.rel1.win32_1.0.100.202602081740/tools/bin/../lib/gcc/arm-none-eabi/14.3.1/../../../../arm-none-eabi/lib/thumb/v7e-m+dp/hard\libc_nano.a(libc_a-fflush.o)
                0x080077a8                __sflush_r
 .text._fflush_r
                0x080078ac       0x50 C:/Users/Admin/Documents/engenharia_da_computacao/CubeIDE/STM32CubeIDE_2.1.1/STM32CubeIDE/plugins/com.st.stm32cube.ide.mcu.externaltools.gnu-tools-for-stm32.14.3.rel1.win32_1.0.100.202602081740/tools/bin/../lib/gcc/arm-none-eabi/14.3.1/../../../../arm-none-eabi/lib/thumb/v7e-m+dp/hard\libc_nano.a(libc_a-fflush.o)
                0x080078ac                _fflush_r
 .text.__swbuf_r
                0x080078fc       0x7c C:/Users/Admin/Documents/engenharia_da_computacao/CubeIDE/STM32CubeIDE_2.1.1/STM32CubeIDE/plugins/com.st.stm32cube.ide.mcu.externaltools.gnu-tools-for-stm32.14.3.rel1.win32_1.0.100.202602081740/tools/bin/../lib/gcc/arm-none-eabi/14.3.1/../../../../arm-none-eabi/lib/thumb/v7e-m+dp/hard\libc_nano.a(libc_a-wbuf.o)
                0x080078fc                __swbuf_r
 .text.__swsetup_r
                0x08007978       0xa8 C:/Users/Admin/Documents/engenharia_da_computacao/CubeIDE/STM32CubeIDE_2.1.1/STM32CubeIDE/plugins/com.st.stm32cube.ide.mcu.externaltools.gnu-tools-for-stm32.14.3.rel1.win32_1.0.100.202602081740/tools/bin/../lib/gcc/arm-none-eabi/14.3.1/../../../../arm-none-eabi/lib/thumb/v7e-m+dp/hard\libc_nano.a(libc_a-wsetup.o)
                0x08007978                __swsetup_r
 .text.memmove  0x08007a20       0x32 C:/Users/Admin/Documents/engenharia_da_computacao/CubeIDE/STM32CubeIDE_2.1.1/STM32CubeIDE/plugins/com.st.stm32cube.ide.mcu.externaltools.gnu-tools-for-stm32.14.3.rel1.win32_1.0.100.202602081740/tools/bin/../lib/gcc/arm-none-eabi/14.3.1/../../../../arm-none-eabi/lib/thumb/v7e-m+dp/hard\libc_nano.a(libc_a-memmove.o)
                0x08007a20                memmove
 *fill*         0x08007a52        0x2 
 .text._sbrk_r  0x08007a54       0x20 C:/Users/Admin/Documents/engenharia_da_computacao/CubeIDE/STM32CubeIDE_2.1.1/STM32CubeIDE/plugins/com.st.stm32cube.ide.mcu.externaltools.gnu-tools-for-stm32.14.3.rel1.win32_1.0.100.202602081740/tools/bin/../lib/gcc/arm-none-eabi/14.3.1/../../../../arm-none-eabi/lib/thumb/v7e-m+dp/hard\libc_nano.a(libc_a-sbrkr.o)
                0x08007a54                _sbrk_r
 .text.memcpy   0x08007a74       0x1c C:/Users/Admin/Documents/engenharia_da_computacao/CubeIDE/STM32CubeIDE_2.1.1/STM32CubeIDE/plugins/com.st.stm32cube.ide.mcu.externaltools.gnu-tools-for-stm32.14.3.rel1.win32_1.0.100.202602081740/tools/bin/../lib/gcc/arm-none-eabi/14.3.1/../../../../arm-none-eabi/lib/thumb/v7e-m+dp/hard\libc_nano.a(libc_a-memcpy-stub.o)
                0x08007a74                memcpy
 .text._realloc_r
                0x08007a90       0x5c C:/Users/Admin/Documents/engenharia_da_computacao/CubeIDE/STM32CubeIDE_2.1.1/STM32CubeIDE/plugins/com.st.stm32cube.ide.mcu.externaltools.gnu-tools-for-stm32.14.3.rel1.win32_1.0.100.202602081740/tools/bin/../lib/gcc/arm-none-eabi/14.3.1/../../../../arm-none-eabi/lib/thumb/v7e-m+dp/hard\libc_nano.a(libc_a-reallocr.o)
                0x08007a90                _realloc_r
 .text.__swhatbuf_r
                0x08007aec       0x48 C:/Users/Admin/Documents/engenharia_da_computacao/CubeIDE/STM32CubeIDE_2.1.1/STM32CubeIDE/plugins/com.st.stm32cube.ide.mcu.externaltools.gnu-tools-for-stm32.14.3.rel1.win32_1.0.100.202602081740/tools/bin/../lib/gcc/arm-none-eabi/14.3.1/../../../../arm-none-eabi/lib/thumb/v7e-m+dp/hard\libc_nano.a(libc_a-makebuf.o)
                0x08007aec                __swhatbuf_r
 .text.__smakebuf_r
                0x08007b34       0x72 C:/Users/Admin/Documents/engenharia_da_computacao/CubeIDE/STM32CubeIDE_2.1.1/STM32CubeIDE/plugins/com.st.stm32cube.ide.mcu.externaltools.gnu-tools-for-stm32.14.3.rel1.win32_1.0.100.202602081740/tools/bin/../lib/gcc/arm-none-eabi/14.3.1/../../../../arm-none-eabi/lib/thumb/v7e-m+dp/hard\libc_nano.a(libc_a-makebuf.o)
                0x08007b34                __smakebuf_r
 *fill*         0x08007ba6        0x2 
 .text._fstat_r
                0x08007ba8       0x24 C:/Users/Admin/Documents/engenharia_da_computacao/CubeIDE/STM32CubeIDE_2.1.1/STM32CubeIDE/plugins/com.st.stm32cube.ide.mcu.externaltools.gnu-tools-for-stm32.14.3.rel1.win32_1.0.100.202602081740/tools/bin/../lib/gcc/arm-none-eabi/14.3.1/../../../../arm-none-eabi/lib/thumb/v7e-m+dp/hard\libc_nano.a(libc_a-fstatr.o)
                0x08007ba8                _fstat_r
 .text._isatty_r
                0x08007bcc       0x20 C:/Users/Admin/Documents/engenharia_da_computacao/CubeIDE/STM32CubeIDE_2.1.1/STM32CubeIDE/plugins/com.st.stm32cube.ide.mcu.externaltools.gnu-tools-for-stm32.14.3.rel1.win32_1.0.100.202602081740/tools/bin/../lib/gcc/arm-none-eabi/14.3.1/../../../../arm-none-eabi/lib/thumb/v7e-m+dp/hard\libc_nano.a(libc_a-isattyr.o)
                0x08007bcc                _isatty_r
 .text._malloc_usable_size_r
                0x08007bec       0x10 C:/Users/Admin/Documents/engenharia_da_computacao/CubeIDE/STM32CubeIDE_2.1.1/STM32CubeIDE/plugins/com.st.stm32cube.ide.mcu.externaltools.gnu-tools-for-stm32.14.3.rel1.win32_1.0.100.202602081740/tools/bin/../lib/gcc/arm-none-eabi/14.3.1/../../../../arm-none-eabi/lib/thumb/v7e-m+dp/hard\libc_nano.a(libc_a-msizer.o)
                0x08007bec                _malloc_usable_size_r
 *(.glue_7)
 .glue_7        0x08007bfc        0x0 linker stubs
 *(.glue_7t)
 .glue_7t       0x08007bfc        0x0 linker stubs
 *(.eh_frame)
 .eh_frame      0x08007bfc        0x0 C:/Users/Admin/Documents/engenharia_da_computacao/CubeIDE/STM32CubeIDE_2.1.1/STM32CubeIDE/plugins/com.st.stm32cube.ide.mcu.externaltools.gnu-tools-for-stm32.14.3.rel1.win32_1.0.100.202602081740/tools/bin/../lib/gcc/arm-none-eabi/14.3.1/thumb/v7e-m+dp/hard/crtbegin.o
 *(.init)
 .init          0x08007bfc        0x4 C:/Users/Admin/Documents/engenharia_da_computacao/CubeIDE/STM32CubeIDE_2.1.1/STM32CubeIDE/plugins/com.st.stm32cube.ide.mcu.externaltools.gnu-tools-for-stm32.14.3.rel1.win32_1.0.100.202602081740/tools/bin/../lib/gcc/arm-none-eabi/14.3.1/thumb/v7e-m+dp/hard/crti.o
                0x08007bfc                _init
 .init          0x08007c00        0x8 C:/Users/Admin/Documents/engenharia_da_computacao/CubeIDE/STM32CubeIDE_2.1.1/STM32CubeIDE/plugins/com.st.stm32cube.ide.mcu.externaltools.gnu-tools-for-stm32.14.3.rel1.win32_1.0.100.202602081740/tools/bin/../lib/gcc/arm-none-eabi/14.3.1/thumb/v7e-m+dp/hard/crtn.o
 *(.fini)
 .fini          0x08007c08        0x4 C:/Users/Admin/Documents/engenharia_da_computacao/CubeIDE/STM32CubeIDE_2.1.1/STM32CubeIDE/plugins/com.st.stm32cube.ide.mcu.externaltools.gnu-tools-for-stm32.14.3.rel1.win32_1.0.100.202602081740/tools/bin/../lib/gcc/arm-none-eabi/14.3.1/thumb/v7e-m+dp/hard/crti.o
                0x08007c08                _fini
 .fini          0x08007c0c        0x8 C:/Users/Admin/Documents/engenharia_da_computacao/CubeIDE/STM32CubeIDE_2.1.1/STM32CubeIDE/plugins/com.st.stm32cube.ide.mcu.externaltools.gnu-tools-for-stm32.14.3.rel1.win32_1.0.100.202602081740/tools/bin/../lib/gcc/arm-none-eabi/14.3.1/thumb/v7e-m+dp/hard/crtn.o
                0x08007c14                        . = ALIGN (0x4)
                0x08007c14                        _etext = .

.vfp11_veneer   0x08007c14        0x0
 .vfp11_veneer  0x08007c14        0x0 linker stubs

.v4_bx          0x08007c14        0x0
 .v4_bx         0x08007c14        0x0 linker stubs

.iplt           0x08007c14        0x0
 .iplt          0x08007c14        0x0 C:/Users/Admin/Documents/engenharia_da_computacao/CubeIDE/STM32CubeIDE_2.1.1/STM32CubeIDE/plugins/com.st.stm32cube.ide.mcu.externaltools.gnu-tools-for-stm32.14.3.rel1.win32_1.0.100.202602081740/tools/bin/../lib/gcc/arm-none-eabi/14.3.1/thumb/v7e-m+dp/hard/crtbegin.o

.rodata         0x08007c14       0xc8
                0x08007c14                        . = ALIGN (0x4)
 *(.rodata)
 .rodata        0x08007c14       0x15 ./Core/Src/SerialCmd.o
 *fill*         0x08007c29        0x3 
 .rodata        0x08007c2c       0x63 ./Core/Src/main.o
 *(.rodata*)
 *fill*         0x08007c8f        0x1 
 .rodata.AHBPrescTable
                0x08007c90       0x10 ./Core/Src/system_stm32f7xx.o
                0x08007c90                AHBPrescTable
 .rodata.APBPrescTable
                0x08007ca0        0x8 ./Core/Src/system_stm32f7xx.o
                0x08007ca0                APBPrescTable
 .rodata._svfprintf_r.str1.1
                0x08007ca8       0x33 C:/Users/Admin/Documents/engenharia_da_computacao/CubeIDE/STM32CubeIDE_2.1.1/STM32CubeIDE/plugins/com.st.stm32cube.ide.mcu.externaltools.gnu-tools-for-stm32.14.3.rel1.win32_1.0.100.202602081740/tools/bin/../lib/gcc/arm-none-eabi/14.3.1/../../../../arm-none-eabi/lib/thumb/v7e-m+dp/hard\libc_nano.a(libc_a-nano-svfprintf.o)
                                 0x11 (size before relaxing)
 .rodata._vfprintf_r.str1.1
                0x08007cdb       0x11 C:/Users/Admin/Documents/engenharia_da_computacao/CubeIDE/STM32CubeIDE_2.1.1/STM32CubeIDE/plugins/com.st.stm32cube.ide.mcu.externaltools.gnu-tools-for-stm32.14.3.rel1.win32_1.0.100.202602081740/tools/bin/../lib/gcc/arm-none-eabi/14.3.1/../../../../arm-none-eabi/lib/thumb/v7e-m+dp/hard\libc_nano.a(libc_a-nano-vfprintf.o)
 .rodata._printf_i.str1.1
                0x08007cdb       0x22 C:/Users/Admin/Documents/engenharia_da_computacao/CubeIDE/STM32CubeIDE_2.1.1/STM32CubeIDE/plugins/com.st.stm32cube.ide.mcu.externaltools.gnu-tools-for-stm32.14.3.rel1.win32_1.0.100.202602081740/tools/bin/../lib/gcc/arm-none-eabi/14.3.1/../../../../arm-none-eabi/lib/thumb/v7e-m+dp/hard\libc_nano.a(libc_a-nano-vfprintf_i.o)
                0x08007d00                        . = ALIGN (0x4)
 *fill*         0x08007cdb        0x1 

.ARM.extab      0x08007cdc        0x0
                0x08007cdc                        . = ALIGN (0x4)
 *(.ARM.extab* .gnu.linkonce.armextab.*)
                0x08007cdc                        . = ALIGN (0x4)

.ARM            0x08007cdc        0x8
                0x08007cdc                        . = ALIGN (0x4)
                0x08007cdc                        __exidx_start = .
 *(.ARM.exidx*)
 .ARM.exidx     0x08007cdc        0x8 C:/Users/Admin/Documents/engenharia_da_computacao/CubeIDE/STM32CubeIDE_2.1.1/STM32CubeIDE/plugins/com.st.stm32cube.ide.mcu.externaltools.gnu-tools-for-stm32.14.3.rel1.win32_1.0.100.202602081740/tools/bin/../lib/gcc/arm-none-eabi/14.3.1/../../../../arm-none-eabi/lib/thumb/v7e-m+dp/hard\libc_nano.a(libc_a-strlen.o)
 .ARM.exidx     0x08007ce4        0x0 C:/Users/Admin/Documents/engenharia_da_computacao/CubeIDE/STM32CubeIDE_2.1.1/STM32CubeIDE/plugins/com.st.stm32cube.ide.mcu.externaltools.gnu-tools-for-stm32.14.3.rel1.win32_1.0.100.202602081740/tools/bin/../lib/gcc/arm-none-eabi/14.3.1/../../../../arm-none-eabi/lib/thumb/v7e-m+dp/hard\libc_nano.a(libc_a-memchr.o)
                                  0x8 (size before relaxing)
 .ARM.exidx     0x08007ce4        0x0 C:/Users/Admin/Documents/engenharia_da_computacao/CubeIDE/STM32CubeIDE_2.1.1/STM32CubeIDE/plugins/com.st.stm32cube.ide.mcu.externaltools.gnu-tools-for-stm32.14.3.rel1.win32_1.0.100.202602081740/tools/bin/../lib/gcc/arm-none-eabi/14.3.1/thumb/v7e-m+dp/hard\libgcc.a(_udivmoddi4.o)
                                  0x8 (size before relaxing)
                0x08007ce4                        __exidx_end = .
                0x08007ce4                        . = ALIGN (0x4)

.preinit_array  0x08007ce4        0x0
                0x08007ce4                        . = ALIGN (0x4)
                0x08007ce4                        PROVIDE (__preinit_array_start = .)
 *(.preinit_array*)
                0x08007ce4                        PROVIDE (__preinit_array_end = .)
                0x08007ce4                        . = ALIGN (0x4)

.init_array     0x08007ce4        0x4
                0x08007ce4                        . = ALIGN (0x4)
                0x08007ce4                        PROVIDE (__init_array_start = .)
 *(SORT_BY_NAME(.init_array.*))
 *(.init_array*)
 .init_array    0x08007ce4        0x4 C:/Users/Admin/Documents/engenharia_da_computacao/CubeIDE/STM32CubeIDE_2.1.1/STM32CubeIDE/plugins/com.st.stm32cube.ide.mcu.externaltools.gnu-tools-for-stm32.14.3.rel1.win32_1.0.100.202602081740/tools/bin/../lib/gcc/arm-none-eabi/14.3.1/thumb/v7e-m+dp/hard/crtbegin.o
                0x08007ce8                        PROVIDE (__init_array_end = .)
                0x08007ce8                        . = ALIGN (0x4)

.fini_array     0x08007ce8        0x4
                0x08007ce8                        . = ALIGN (0x4)
                [!provide]                        PROVIDE (__fini_array_start = .)
 *(SORT_BY_NAME(.fini_array.*))
 *(.fini_array*)
 .fini_array    0x08007ce8        0x4 C:/Users/Admin/Documents/engenharia_da_computacao/CubeIDE/STM32CubeIDE_2.1.1/STM32CubeIDE/plugins/com.st.stm32cube.ide.mcu.externaltools.gnu-tools-for-stm32.14.3.rel1.win32_1.0.100.202602081740/tools/bin/../lib/gcc/arm-none-eabi/14.3.1/thumb/v7e-m+dp/hard/crtbegin.o
                [!provide]                        PROVIDE (__fini_array_end = .)
                0x08007cec                        . = ALIGN (0x4)
                0x08007cec                        _sidata = LOADADDR (.data)

.rel.dyn        0x08007cec        0x0
 .rel.iplt      0x08007cec        0x0 C:/Users/Admin/Documents/engenharia_da_computacao/CubeIDE/STM32CubeIDE_2.1.1/STM32CubeIDE/plugins/com.st.stm32cube.ide.mcu.externaltools.gnu-tools-for-stm32.14.3.rel1.win32_1.0.100.202602081740/tools/bin/../lib/gcc/arm-none-eabi/14.3.1/thumb/v7e-m+dp/hard/crtbegin.o

.data           0x20000000       0x68 load address 0x08007cec
                0x20000000                        . = ALIGN (0x4)
                0x20000000                        _sdata = .
 *(.data)
 *(.data*)
 .data.SystemCoreClock
                0x20000000        0x4 ./Core/Src/system_stm32f7xx.o
                0x20000000                SystemCoreClock
 .data.uwTickPrio
                0x20000004        0x4 ./Drivers/STM32F7xx_HAL_Driver/Src/stm32f7xx_hal.o
                0x20000004                uwTickPrio
 .data.uwTickFreq
                0x20000008        0x1 ./Drivers/STM32F7xx_HAL_Driver/Src/stm32f7xx_hal.o
                0x20000008                uwTickFreq
 *fill*         0x20000009        0x3 
 .data.__sglue  0x2000000c        0xc C:/Users/Admin/Documents/engenharia_da_computacao/CubeIDE/STM32CubeIDE_2.1.1/STM32CubeIDE/plugins/com.st.stm32cube.ide.mcu.externaltools.gnu-tools-for-stm32.14.3.rel1.win32_1.0.100.202602081740/tools/bin/../lib/gcc/arm-none-eabi/14.3.1/../../../../arm-none-eabi/lib/thumb/v7e-m+dp/hard\libc_nano.a(libc_a-findfp.o)
                0x2000000c                __sglue
 .data._impure_ptr
                0x20000018        0x4 C:/Users/Admin/Documents/engenharia_da_computacao/CubeIDE/STM32CubeIDE_2.1.1/STM32CubeIDE/plugins/com.st.stm32cube.ide.mcu.externaltools.gnu-tools-for-stm32.14.3.rel1.win32_1.0.100.202602081740/tools/bin/../lib/gcc/arm-none-eabi/14.3.1/../../../../arm-none-eabi/lib/thumb/v7e-m+dp/hard\libc_nano.a(libc_a-impure.o)
                0x20000018                _impure_ptr
 .data._impure_data
                0x2000001c       0x4c C:/Users/Admin/Documents/engenharia_da_computacao/CubeIDE/STM32CubeIDE_2.1.1/STM32CubeIDE/plugins/com.st.stm32cube.ide.mcu.externaltools.gnu-tools-for-stm32.14.3.rel1.win32_1.0.100.202602081740/tools/bin/../lib/gcc/arm-none-eabi/14.3.1/../../../../arm-none-eabi/lib/thumb/v7e-m+dp/hard\libc_nano.a(libc_a-impure.o)
                0x2000001c                _impure_data
 *(.RamFunc)
 *(.RamFunc*)
                0x20000068                        . = ALIGN (0x4)
                0x20000068                        _edata = .

.igot.plt       0x20000068        0x0 load address 0x08007d54
 .igot.plt      0x20000068        0x0 C:/Users/Admin/Documents/engenharia_da_computacao/CubeIDE/STM32CubeIDE_2.1.1/STM32CubeIDE/plugins/com.st.stm32cube.ide.mcu.externaltools.gnu-tools-for-stm32.14.3.rel1.win32_1.0.100.202602081740/tools/bin/../lib/gcc/arm-none-eabi/14.3.1/thumb/v7e-m+dp/hard/crtbegin.o

.RxDecripSection
                0x20000068       0xa0 load address 0x08007d54
 .RxDecripSection
                0x20000068       0xa0 ./Core/Src/main.o
                0x20000068                DMARxDscrTab

.TxDecripSection
                0x20000108       0xa0 load address 0x08007df4
 .TxDecripSection
                0x20000108       0xa0 ./Core/Src/main.o
                0x20000108                DMATxDscrTab
                0x200001a8                        . = ALIGN (0x4)

.bss            0x200001a8      0x918 load address 0x08007e94
                0x200001a8                        _sbss = .
                0x200001a8                        __bss_start__ = _sbss
 *(.bss)
 .bss           0x200001a8       0x1c C:/Users/Admin/Documents/engenharia_da_computacao/CubeIDE/STM32CubeIDE_2.1.1/STM32CubeIDE/plugins/com.st.stm32cube.ide.mcu.externaltools.gnu-tools-for-stm32.14.3.rel1.win32_1.0.100.202602081740/tools/bin/../lib/gcc/arm-none-eabi/14.3.1/thumb/v7e-m+dp/hard/crtbegin.o
 *(.bss*)
 .bss.bsp       0x200001c4        0x4 ./Core/Src/Bsp.o
 .bss.button    0x200001c8        0x1 ./Core/Src/Button.o
 *fill*         0x200001c9        0x3 
 .bss.ledPwm    0x200001cc        0x4 ./Core/Src/LedPwm.o
 .bss.sampler   0x200001d0        0x8 ./Core/Src/Sampler.o
 .bss.serialCmd
                0x200001d8        0xb ./Core/Src/SerialCmd.o
 *fill*         0x200001e3        0x1 
 .bss.TxConfig  0x200001e4       0x38 ./Core/Src/main.o
                0x200001e4                TxConfig
 .bss.hadc1     0x2000021c       0x48 ./Core/Src/main.o
                0x2000021c                hadc1
 .bss.heth      0x20000264       0xb0 ./Core/Src/main.o
                0x20000264                heth
 .bss.htim3     0x20000314       0x4c ./Core/Src/main.o
                0x20000314                htim3
 .bss.htim6     0x20000360       0x4c ./Core/Src/main.o
                0x20000360                htim6
 .bss.htim7     0x200003ac       0x4c ./Core/Src/main.o
                0x200003ac                htim7
 .bss.huart3    0x200003f8       0x88 ./Core/Src/main.o
                0x200003f8                huart3
 .bss.hpcd_USB_OTG_FS
                0x20000480      0x4e0 ./Core/Src/main.o
                0x20000480                hpcd_USB_OTG_FS
 .bss.tickCounter
                0x20000960        0x1 ./Core/Src/main.o
                0x20000960                tickCounter
 *fill*         0x20000961        0x3 
 .bss.MACAddr.0
                0x20000964        0x6 ./Core/Src/main.o
 *fill*         0x2000096a        0x2 
 .bss.__sbrk_heap_end
                0x2000096c        0x4 ./Core/Src/sysmem.o
 .bss.uwTick    0x20000970        0x4 ./Drivers/STM32F7xx_HAL_Driver/Src/stm32f7xx_hal.o
                0x20000970                uwTick
 .bss.__sf      0x20000974      0x138 C:/Users/Admin/Documents/engenharia_da_computacao/CubeIDE/STM32CubeIDE_2.1.1/STM32CubeIDE/plugins/com.st.stm32cube.ide.mcu.externaltools.gnu-tools-for-stm32.14.3.rel1.win32_1.0.100.202602081740/tools/bin/../lib/gcc/arm-none-eabi/14.3.1/../../../../arm-none-eabi/lib/thumb/v7e-m+dp/hard\libc_nano.a(libc_a-findfp.o)
                0x20000974                __sf
 .bss.__stdio_exit_handler
                0x20000aac        0x4 C:/Users/Admin/Documents/engenharia_da_computacao/CubeIDE/STM32CubeIDE_2.1.1/STM32CubeIDE/plugins/com.st.stm32cube.ide.mcu.externaltools.gnu-tools-for-stm32.14.3.rel1.win32_1.0.100.202602081740/tools/bin/../lib/gcc/arm-none-eabi/14.3.1/../../../../arm-none-eabi/lib/thumb/v7e-m+dp/hard\libc_nano.a(libc_a-findfp.o)
                0x20000aac                __stdio_exit_handler
 .bss.errno     0x20000ab0        0x4 C:/Users/Admin/Documents/engenharia_da_computacao/CubeIDE/STM32CubeIDE_2.1.1/STM32CubeIDE/plugins/com.st.stm32cube.ide.mcu.externaltools.gnu-tools-for-stm32.14.3.rel1.win32_1.0.100.202602081740/tools/bin/../lib/gcc/arm-none-eabi/14.3.1/../../../../arm-none-eabi/lib/thumb/v7e-m+dp/hard\libc_nano.a(libc_a-reent.o)
                0x20000ab0                errno
 .bss.__lock___malloc_recursive_mutex
                0x20000ab4        0x1 C:/Users/Admin/Documents/engenharia_da_computacao/CubeIDE/STM32CubeIDE_2.1.1/STM32CubeIDE/plugins/com.st.stm32cube.ide.mcu.externaltools.gnu-tools-for-stm32.14.3.rel1.win32_1.0.100.202602081740/tools/bin/../lib/gcc/arm-none-eabi/14.3.1/../../../../arm-none-eabi/lib/thumb/v7e-m+dp/hard\libc_nano.a(libc_a-lock.o)
                0x20000ab4                __lock___malloc_recursive_mutex
 .bss.__lock___sfp_recursive_mutex
                0x20000ab5        0x1 C:/Users/Admin/Documents/engenharia_da_computacao/CubeIDE/STM32CubeIDE_2.1.1/STM32CubeIDE/plugins/com.st.stm32cube.ide.mcu.externaltools.gnu-tools-for-stm32.14.3.rel1.win32_1.0.100.202602081740/tools/bin/../lib/gcc/arm-none-eabi/14.3.1/../../../../arm-none-eabi/lib/thumb/v7e-m+dp/hard\libc_nano.a(libc_a-lock.o)
                0x20000ab5                __lock___sfp_recursive_mutex
 *fill*         0x20000ab6        0x2 
 .bss.__malloc_sbrk_start
                0x20000ab8        0x4 C:/Users/Admin/Documents/engenharia_da_computacao/CubeIDE/STM32CubeIDE_2.1.1/STM32CubeIDE/plugins/com.st.stm32cube.ide.mcu.externaltools.gnu-tools-for-stm32.14.3.rel1.win32_1.0.100.202602081740/tools/bin/../lib/gcc/arm-none-eabi/14.3.1/../../../../arm-none-eabi/lib/thumb/v7e-m+dp/hard\libc_nano.a(libc_a-mallocr.o)
                0x20000ab8                __malloc_sbrk_start
 .bss.__malloc_free_list
                0x20000abc        0x4 C:/Users/Admin/Documents/engenharia_da_computacao/CubeIDE/STM32CubeIDE_2.1.1/STM32CubeIDE/plugins/com.st.stm32cube.ide.mcu.externaltools.gnu-tools-for-stm32.14.3.rel1.win32_1.0.100.202602081740/tools/bin/../lib/gcc/arm-none-eabi/14.3.1/../../../../arm-none-eabi/lib/thumb/v7e-m+dp/hard\libc_nano.a(libc_a-mallocr.o)
                0x20000abc                __malloc_free_list
 *(COMMON)
                0x20000ac0                        . = ALIGN (0x4)
                0x20000ac0                        _ebss = .
                0x20000ac0                        __bss_end__ = _ebss

._user_heap_stack
                0x20000ac0      0x600 load address 0x08007e94
                0x20000ac0                        . = ALIGN (0x8)
                [!provide]                        PROVIDE (end = .)
                0x20000ac0                        PROVIDE (_end = .)
                0x20000cc0                        . = (. + _Min_Heap_Size)
 *fill*         0x20000ac0      0x200 
                0x200010c0                        . = (. + _Min_Stack_Size)
 *fill*         0x20000cc0      0x400 
                0x200010c0                        . = ALIGN (0x8)

/DISCARD/
 libc.a(*)
 libm.a(*)
 libgcc.a(*)

.ARM.attributes
                0x00000000       0x2e
 *(.ARM.attributes)
 .ARM.attributes
                0x00000000       0x20 C:/Users/Admin/Documents/engenharia_da_computacao/CubeIDE/STM32CubeIDE_2.1.1/STM32CubeIDE/plugins/com.st.stm32cube.ide.mcu.externaltools.gnu-tools-for-stm32.14.3.rel1.win32_1.0.100.202602081740/tools/bin/../lib/gcc/arm-none-eabi/14.3.1/thumb/v7e-m+dp/hard/crti.o
 .ARM.attributes
                0x00000020       0x32 C:/Users/Admin/Documents/engenharia_da_computacao/CubeIDE/STM32CubeIDE_2.1.1/STM32CubeIDE/plugins/com.st.stm32cube.ide.mcu.externaltools.gnu-tools-for-stm32.14.3.rel1.win32_1.0.100.202602081740/tools/bin/../lib/gcc/arm-none-eabi/14.3.1/thumb/v7e-m+dp/hard/crtbegin.o
 .ARM.attributes
                0x00000052       0x32 ./Core/Src/Bsp.o
 .ARM.attributes
                0x00000084       0x32 ./Core/Src/Button.o
 .ARM.attributes
                0x000000b6       0x32 ./Core/Src/LedPwm.o
 .ARM.attributes
                0x000000e8       0x32 ./Core/Src/Sampler.o
 .ARM.attributes
                0x0000011a       0x32 ./Core/Src/SerialCmd.o
 .ARM.attributes
                0x0000014c       0x32 ./Core/Src/main.o
 .ARM.attributes
                0x0000017e       0x32 ./Core/Src/stm32f7xx_hal_msp.o
 .ARM.attributes
                0x000001b0       0x32 ./Core/Src/stm32f7xx_it.o
 .ARM.attributes
                0x000001e2       0x32 ./Core/Src/syscalls.o
 .ARM.attributes
                0x00000214       0x32 ./Core/Src/sysmem.o
 .ARM.attributes
                0x00000246       0x32 ./Core/Src/system_stm32f7xx.o
 .ARM.attributes
                0x00000278       0x21 ./Core/Startup/startup_stm32f767zitx.o
 .ARM.attributes
                0x00000299       0x32 ./Drivers/STM32F7xx_HAL_Driver/Src/stm32f7xx_hal.o
 .ARM.attributes
                0x000002cb       0x32 ./Drivers/STM32F7xx_HAL_Driver/Src/stm32f7xx_hal_adc.o
 .ARM.attributes
                0x000002fd       0x32 ./Drivers/STM32F7xx_HAL_Driver/Src/stm32f7xx_hal_cortex.o
 .ARM.attributes
                0x0000032f       0x32 ./Drivers/STM32F7xx_HAL_Driver/Src/stm32f7xx_hal_eth.o
 .ARM.attributes
                0x00000361       0x32 ./Drivers/STM32F7xx_HAL_Driver/Src/stm32f7xx_hal_gpio.o
 .ARM.attributes
                0x00000393       0x32 ./Drivers/STM32F7xx_HAL_Driver/Src/stm32f7xx_hal_pcd.o
 .ARM.attributes
                0x000003c5       0x32 ./Drivers/STM32F7xx_HAL_Driver/Src/stm32f7xx_hal_pcd_ex.o
 .ARM.attributes
                0x000003f7       0x32 ./Drivers/STM32F7xx_HAL_Driver/Src/stm32f7xx_hal_pwr.o
 .ARM.attributes
                0x00000429       0x32 ./Drivers/STM32F7xx_HAL_Driver/Src/stm32f7xx_hal_pwr_ex.o
 .ARM.attributes
                0x0000045b       0x32 ./Drivers/STM32F7xx_HAL_Driver/Src/stm32f7xx_hal_rcc.o
 .ARM.attributes
                0x0000048d       0x32 ./Drivers/STM32F7xx_HAL_Driver/Src/stm32f7xx_hal_rcc_ex.o
 .ARM.attributes
                0x000004bf       0x32 ./Drivers/STM32F7xx_HAL_Driver/Src/stm32f7xx_hal_tim.o
 .ARM.attributes
                0x000004f1       0x32 ./Drivers/STM32F7xx_HAL_Driver/Src/stm32f7xx_hal_tim_ex.o
 .ARM.attributes
                0x00000523       0x32 ./Drivers/STM32F7xx_HAL_Driver/Src/stm32f7xx_hal_uart.o
 .ARM.attributes
                0x00000555       0x32 ./Drivers/STM32F7xx_HAL_Driver/Src/stm32f7xx_ll_usb.o
 .ARM.attributes
                0x00000587       0x32 C:/Users/Admin/Documents/engenharia_da_computacao/CubeIDE/STM32CubeIDE_2.1.1/STM32CubeIDE/plugins/com.st.stm32cube.ide.mcu.externaltools.gnu-tools-for-stm32.14.3.rel1.win32_1.0.100.202602081740/tools/bin/../lib/gcc/arm-none-eabi/14.3.1/../../../../arm-none-eabi/lib/thumb/v7e-m+dp/hard\libc_nano.a(libc_a-findfp.o)
 .ARM.attributes
                0x000005b9       0x32 C:/Users/Admin/Documents/engenharia_da_computacao/CubeIDE/STM32CubeIDE_2.1.1/STM32CubeIDE/plugins/com.st.stm32cube.ide.mcu.externaltools.gnu-tools-for-stm32.14.3.rel1.win32_1.0.100.202602081740/tools/bin/../lib/gcc/arm-none-eabi/14.3.1/../../../../arm-none-eabi/lib/thumb/v7e-m+dp/hard\libc_nano.a(libc_a-fwalk.o)
 .ARM.attributes
                0x000005eb       0x32 C:/Users/Admin/Documents/engenharia_da_computacao/CubeIDE/STM32CubeIDE_2.1.1/STM32CubeIDE/plugins/com.st.stm32cube.ide.mcu.externaltools.gnu-tools-for-stm32.14.3.rel1.win32_1.0.100.202602081740/tools/bin/../lib/gcc/arm-none-eabi/14.3.1/../../../../arm-none-eabi/lib/thumb/v7e-m+dp/hard\libc_nano.a(libc_a-printf.o)
 .ARM.attributes
                0x0000061d       0x32 C:/Users/Admin/Documents/engenharia_da_computacao/CubeIDE/STM32CubeIDE_2.1.1/STM32CubeIDE/plugins/com.st.stm32cube.ide.mcu.externaltools.gnu-tools-for-stm32.14.3.rel1.win32_1.0.100.202602081740/tools/bin/../lib/gcc/arm-none-eabi/14.3.1/../../../../arm-none-eabi/lib/thumb/v7e-m+dp/hard\libc_nano.a(libc_a-snprintf.o)
 .ARM.attributes
                0x0000064f       0x32 C:/Users/Admin/Documents/engenharia_da_computacao/CubeIDE/STM32CubeIDE_2.1.1/STM32CubeIDE/plugins/com.st.stm32cube.ide.mcu.externaltools.gnu-tools-for-stm32.14.3.rel1.win32_1.0.100.202602081740/tools/bin/../lib/gcc/arm-none-eabi/14.3.1/../../../../arm-none-eabi/lib/thumb/v7e-m+dp/hard\libc_nano.a(libc_a-stdio.o)
 .ARM.attributes
                0x00000681       0x32 C:/Users/Admin/Documents/engenharia_da_computacao/CubeIDE/STM32CubeIDE_2.1.1/STM32CubeIDE/plugins/com.st.stm32cube.ide.mcu.externaltools.gnu-tools-for-stm32.14.3.rel1.win32_1.0.100.202602081740/tools/bin/../lib/gcc/arm-none-eabi/14.3.1/../../../../arm-none-eabi/lib/thumb/v7e-m+dp/hard\libc_nano.a(libc_a-memset.o)
 .ARM.attributes
                0x000006b3       0x32 C:/Users/Admin/Documents/engenharia_da_computacao/CubeIDE/STM32CubeIDE_2.1.1/STM32CubeIDE/plugins/com.st.stm32cube.ide.mcu.externaltools.gnu-tools-for-stm32.14.3.rel1.win32_1.0.100.202602081740/tools/bin/../lib/gcc/arm-none-eabi/14.3.1/../../../../arm-none-eabi/lib/thumb/v7e-m+dp/hard\libc_nano.a(libc_a-strncmp.o)
 .ARM.attributes
                0x000006e5       0x32 C:/Users/Admin/Documents/engenharia_da_computacao/CubeIDE/STM32CubeIDE_2.1.1/STM32CubeIDE/plugins/com.st.stm32cube.ide.mcu.externaltools.gnu-tools-for-stm32.14.3.rel1.win32_1.0.100.202602081740/tools/bin/../lib/gcc/arm-none-eabi/14.3.1/../../../../arm-none-eabi/lib/thumb/v7e-m+dp/hard\libc_nano.a(libc_a-closer.o)
 .ARM.attributes
                0x00000717       0x32 C:/Users/Admin/Documents/engenharia_da_computacao/CubeIDE/STM32CubeIDE_2.1.1/STM32CubeIDE/plugins/com.st.stm32cube.ide.mcu.externaltools.gnu-tools-for-stm32.14.3.rel1.win32_1.0.100.202602081740/tools/bin/../lib/gcc/arm-none-eabi/14.3.1/../../../../arm-none-eabi/lib/thumb/v7e-m+dp/hard\libc_nano.a(libc_a-reent.o)
 .ARM.attributes
                0x00000749       0x32 C:/Users/Admin/Documents/engenharia_da_computacao/CubeIDE/STM32CubeIDE_2.1.1/STM32CubeIDE/plugins/com.st.stm32cube.ide.mcu.externaltools.gnu-tools-for-stm32.14.3.rel1.win32_1.0.100.202602081740/tools/bin/../lib/gcc/arm-none-eabi/14.3.1/../../../../arm-none-eabi/lib/thumb/v7e-m+dp/hard\libc_nano.a(libc_a-impure.o)
 .ARM.attributes
                0x0000077b       0x32 C:/Users/Admin/Documents/engenharia_da_computacao/CubeIDE/STM32CubeIDE_2.1.1/STM32CubeIDE/plugins/com.st.stm32cube.ide.mcu.externaltools.gnu-tools-for-stm32.14.3.rel1.win32_1.0.100.202602081740/tools/bin/../lib/gcc/arm-none-eabi/14.3.1/../../../../arm-none-eabi/lib/thumb/v7e-m+dp/hard\libc_nano.a(libc_a-lseekr.o)
 .ARM.attributes
                0x000007ad       0x32 C:/Users/Admin/Documents/engenharia_da_computacao/CubeIDE/STM32CubeIDE_2.1.1/STM32CubeIDE/plugins/com.st.stm32cube.ide.mcu.externaltools.gnu-tools-for-stm32.14.3.rel1.win32_1.0.100.202602081740/tools/bin/../lib/gcc/arm-none-eabi/14.3.1/../../../../arm-none-eabi/lib/thumb/v7e-m+dp/hard\libc_nano.a(libc_a-readr.o)
 .ARM.attributes
                0x000007df       0x32 C:/Users/Admin/Documents/engenharia_da_computacao/CubeIDE/STM32CubeIDE_2.1.1/STM32CubeIDE/plugins/com.st.stm32cube.ide.mcu.externaltools.gnu-tools-for-stm32.14.3.rel1.win32_1.0.100.202602081740/tools/bin/../lib/gcc/arm-none-eabi/14.3.1/../../../../arm-none-eabi/lib/thumb/v7e-m+dp/hard\libc_nano.a(libc_a-writer.o)
 .ARM.attributes
                0x00000811       0x32 C:/Users/Admin/Documents/engenharia_da_computacao/CubeIDE/STM32CubeIDE_2.1.1/STM32CubeIDE/plugins/com.st.stm32cube.ide.mcu.externaltools.gnu-tools-for-stm32.14.3.rel1.win32_1.0.100.202602081740/tools/bin/../lib/gcc/arm-none-eabi/14.3.1/../../../../arm-none-eabi/lib/thumb/v7e-m+dp/hard\libc_nano.a(libc_a-errno.o)
 .ARM.attributes
                0x00000843       0x32 C:/Users/Admin/Documents/engenharia_da_computacao/CubeIDE/STM32CubeIDE_2.1.1/STM32CubeIDE/plugins/com.st.stm32cube.ide.mcu.externaltools.gnu-tools-for-stm32.14.3.rel1.win32_1.0.100.202602081740/tools/bin/../lib/gcc/arm-none-eabi/14.3.1/../../../../arm-none-eabi/lib/thumb/v7e-m+dp/hard\libc_nano.a(libc_a-init.o)
 .ARM.attributes
                0x00000875       0x32 C:/Users/Admin/Documents/engenharia_da_computacao/CubeIDE/STM32CubeIDE_2.1.1/STM32CubeIDE/plugins/com.st.stm32cube.ide.mcu.externaltools.gnu-tools-for-stm32.14.3.rel1.win32_1.0.100.202602081740/tools/bin/../lib/gcc/arm-none-eabi/14.3.1/../../../../arm-none-eabi/lib/thumb/v7e-m+dp/hard\libc_nano.a(libc_a-lock.o)
 .ARM.attributes
                0x000008a7       0x17 C:/Users/Admin/Documents/engenharia_da_computacao/CubeIDE/STM32CubeIDE_2.1.1/STM32CubeIDE/plugins/com.st.stm32cube.ide.mcu.externaltools.gnu-tools-for-stm32.14.3.rel1.win32_1.0.100.202602081740/tools/bin/../lib/gcc/arm-none-eabi/14.3.1/../../../../arm-none-eabi/lib/thumb/v7e-m+dp/hard\libc_nano.a(libc_a-strlen.o)
 .ARM.attributes
                0x000008be       0x32 C:/Users/Admin/Documents/engenharia_da_computacao/CubeIDE/STM32CubeIDE_2.1.1/STM32CubeIDE/plugins/com.st.stm32cube.ide.mcu.externaltools.gnu-tools-for-stm32.14.3.rel1.win32_1.0.100.202602081740/tools/bin/../lib/gcc/arm-none-eabi/14.3.1/../../../../arm-none-eabi/lib/thumb/v7e-m+dp/hard\libc_nano.a(libc_a-freer.o)
 .ARM.attributes
                0x000008f0       0x32 C:/Users/Admin/Documents/engenharia_da_computacao/CubeIDE/STM32CubeIDE_2.1.1/STM32CubeIDE/plugins/com.st.stm32cube.ide.mcu.externaltools.gnu-tools-for-stm32.14.3.rel1.win32_1.0.100.202602081740/tools/bin/../lib/gcc/arm-none-eabi/14.3.1/../../../../arm-none-eabi/lib/thumb/v7e-m+dp/hard\libc_nano.a(libc_a-mallocr.o)
 .ARM.attributes
                0x00000922       0x32 C:/Users/Admin/Documents/engenharia_da_computacao/CubeIDE/STM32CubeIDE_2.1.1/STM32CubeIDE/plugins/com.st.stm32cube.ide.mcu.externaltools.gnu-tools-for-stm32.14.3.rel1.win32_1.0.100.202602081740/tools/bin/../lib/gcc/arm-none-eabi/14.3.1/../../../../arm-none-eabi/lib/thumb/v7e-m+dp/hard\libc_nano.a(libc_a-mlock.o)
 .ARM.attributes
                0x00000954       0x32 C:/Users/Admin/Documents/engenharia_da_computacao/CubeIDE/STM32CubeIDE_2.1.1/STM32CubeIDE/plugins/com.st.stm32cube.ide.mcu.externaltools.gnu-tools-for-stm32.14.3.rel1.win32_1.0.100.202602081740/tools/bin/../lib/gcc/arm-none-eabi/14.3.1/../../../../arm-none-eabi/lib/thumb/v7e-m+dp/hard\libc_nano.a(libc_a-nano-svfprintf.o)
 .ARM.attributes
                0x00000986       0x32 C:/Users/Admin/Documents/engenharia_da_computacao/CubeIDE/STM32CubeIDE_2.1.1/STM32CubeIDE/plugins/com.st.stm32cube.ide.mcu.externaltools.gnu-tools-for-stm32.14.3.rel1.win32_1.0.100.202602081740/tools/bin/../lib/gcc/arm-none-eabi/14.3.1/../../../../arm-none-eabi/lib/thumb/v7e-m+dp/hard\libc_nano.a(libc_a-nano-vfprintf.o)
 .ARM.attributes
                0x000009b8       0x32 C:/Users/Admin/Documents/engenharia_da_computacao/CubeIDE/STM32CubeIDE_2.1.1/STM32CubeIDE/plugins/com.st.stm32cube.ide.mcu.externaltools.gnu-tools-for-stm32.14.3.rel1.win32_1.0.100.202602081740/tools/bin/../lib/gcc/arm-none-eabi/14.3.1/../../../../arm-none-eabi/lib/thumb/v7e-m+dp/hard\libc_nano.a(libc_a-nano-vfprintf_i.o)
 .ARM.attributes
                0x000009ea       0x32 C:/Users/Admin/Documents/engenharia_da_computacao/CubeIDE/STM32CubeIDE_2.1.1/STM32CubeIDE/plugins/com.st.stm32cube.ide.mcu.externaltools.gnu-tools-for-stm32.14.3.rel1.win32_1.0.100.202602081740/tools/bin/../lib/gcc/arm-none-eabi/14.3.1/../../../../arm-none-eabi/lib/thumb/v7e-m+dp/hard\libc_nano.a(libc_a-fflush.o)
 .ARM.attributes
                0x00000a1c       0x32 C:/Users/Admin/Documents/engenharia_da_computacao/CubeIDE/STM32CubeIDE_2.1.1/STM32CubeIDE/plugins/com.st.stm32cube.ide.mcu.externaltools.gnu-tools-for-stm32.14.3.rel1.win32_1.0.100.202602081740/tools/bin/../lib/gcc/arm-none-eabi/14.3.1/../../../../arm-none-eabi/lib/thumb/v7e-m+dp/hard\libc_nano.a(libc_a-wbuf.o)
 .ARM.attributes
                0x00000a4e       0x32 C:/Users/Admin/Documents/engenharia_da_computacao/CubeIDE/STM32CubeIDE_2.1.1/STM32CubeIDE/plugins/com.st.stm32cube.ide.mcu.externaltools.gnu-tools-for-stm32.14.3.rel1.win32_1.0.100.202602081740/tools/bin/../lib/gcc/arm-none-eabi/14.3.1/../../../../arm-none-eabi/lib/thumb/v7e-m+dp/hard\libc_nano.a(libc_a-wsetup.o)
 .ARM.attributes
                0x00000a80       0x32 C:/Users/Admin/Documents/engenharia_da_computacao/CubeIDE/STM32CubeIDE_2.1.1/STM32CubeIDE/plugins/com.st.stm32cube.ide.mcu.externaltools.gnu-tools-for-stm32.14.3.rel1.win32_1.0.100.202602081740/tools/bin/../lib/gcc/arm-none-eabi/14.3.1/../../../../arm-none-eabi/lib/thumb/v7e-m+dp/hard\libc_nano.a(libc_a-memmove.o)
 .ARM.attributes
                0x00000ab2       0x32 C:/Users/Admin/Documents/engenharia_da_computacao/CubeIDE/STM32CubeIDE_2.1.1/STM32CubeIDE/plugins/com.st.stm32cube.ide.mcu.externaltools.gnu-tools-for-stm32.14.3.rel1.win32_1.0.100.202602081740/tools/bin/../lib/gcc/arm-none-eabi/14.3.1/../../../../arm-none-eabi/lib/thumb/v7e-m+dp/hard\libc_nano.a(libc_a-sbrkr.o)
 .ARM.attributes
                0x00000ae4       0x1c C:/Users/Admin/Documents/engenharia_da_computacao/CubeIDE/STM32CubeIDE_2.1.1/STM32CubeIDE/plugins/com.st.stm32cube.ide.mcu.externaltools.gnu-tools-for-stm32.14.3.rel1.win32_1.0.100.202602081740/tools/bin/../lib/gcc/arm-none-eabi/14.3.1/../../../../arm-none-eabi/lib/thumb/v7e-m+dp/hard\libc_nano.a(libc_a-memchr.o)
 .ARM.attributes
                0x00000b00       0x32 C:/Users/Admin/Documents/engenharia_da_computacao/CubeIDE/STM32CubeIDE_2.1.1/STM32CubeIDE/plugins/com.st.stm32cube.ide.mcu.externaltools.gnu-tools-for-stm32.14.3.rel1.win32_1.0.100.202602081740/tools/bin/../lib/gcc/arm-none-eabi/14.3.1/../../../../arm-none-eabi/lib/thumb/v7e-m+dp/hard\libc_nano.a(libc_a-memcpy-stub.o)
 .ARM.attributes
                0x00000b32       0x32 C:/Users/Admin/Documents/engenharia_da_computacao/CubeIDE/STM32CubeIDE_2.1.1/STM32CubeIDE/plugins/com.st.stm32cube.ide.mcu.externaltools.gnu-tools-for-stm32.14.3.rel1.win32_1.0.100.202602081740/tools/bin/../lib/gcc/arm-none-eabi/14.3.1/../../../../arm-none-eabi/lib/thumb/v7e-m+dp/hard\libc_nano.a(libc_a-reallocr.o)
 .ARM.attributes
                0x00000b64       0x32 C:/Users/Admin/Documents/engenharia_da_computacao/CubeIDE/STM32CubeIDE_2.1.1/STM32CubeIDE/plugins/com.st.stm32cube.ide.mcu.externaltools.gnu-tools-for-stm32.14.3.rel1.win32_1.0.100.202602081740/tools/bin/../lib/gcc/arm-none-eabi/14.3.1/../../../../arm-none-eabi/lib/thumb/v7e-m+dp/hard\libc_nano.a(libc_a-makebuf.o)
 .ARM.attributes
                0x00000b96       0x32 C:/Users/Admin/Documents/engenharia_da_computacao/CubeIDE/STM32CubeIDE_2.1.1/STM32CubeIDE/plugins/com.st.stm32cube.ide.mcu.externaltools.gnu-tools-for-stm32.14.3.rel1.win32_1.0.100.202602081740/tools/bin/../lib/gcc/arm-none-eabi/14.3.1/../../../../arm-none-eabi/lib/thumb/v7e-m+dp/hard\libc_nano.a(libc_a-fstatr.o)
 .ARM.attributes
                0x00000bc8       0x32 C:/Users/Admin/Documents/engenharia_da_computacao/CubeIDE/STM32CubeIDE_2.1.1/STM32CubeIDE/plugins/com.st.stm32cube.ide.mcu.externaltools.gnu-tools-for-stm32.14.3.rel1.win32_1.0.100.202602081740/tools/bin/../lib/gcc/arm-none-eabi/14.3.1/../../../../arm-none-eabi/lib/thumb/v7e-m+dp/hard\libc_nano.a(libc_a-isattyr.o)
 .ARM.attributes
                0x00000bfa       0x32 C:/Users/Admin/Documents/engenharia_da_computacao/CubeIDE/STM32CubeIDE_2.1.1/STM32CubeIDE/plugins/com.st.stm32cube.ide.mcu.externaltools.gnu-tools-for-stm32.14.3.rel1.win32_1.0.100.202602081740/tools/bin/../lib/gcc/arm-none-eabi/14.3.1/../../../../arm-none-eabi/lib/thumb/v7e-m+dp/hard\libc_nano.a(libc_a-msizer.o)
 .ARM.attributes
                0x00000c2c       0x20 C:/Users/Admin/Documents/engenharia_da_computacao/CubeIDE/STM32CubeIDE_2.1.1/STM32CubeIDE/plugins/com.st.stm32cube.ide.mcu.externaltools.gnu-tools-for-stm32.14.3.rel1.win32_1.0.100.202602081740/tools/bin/../lib/gcc/arm-none-eabi/14.3.1/thumb/v7e-m+dp/hard\libgcc.a(_aeabi_uldivmod.o)
 .ARM.attributes
                0x00000c4c       0x32 C:/Users/Admin/Documents/engenharia_da_computacao/CubeIDE/STM32CubeIDE_2.1.1/STM32CubeIDE/plugins/com.st.stm32cube.ide.mcu.externaltools.gnu-tools-for-stm32.14.3.rel1.win32_1.0.100.202602081740/tools/bin/../lib/gcc/arm-none-eabi/14.3.1/thumb/v7e-m+dp/hard\libgcc.a(_udivmoddi4.o)
 .ARM.attributes
                0x00000c7e       0x20 C:/Users/Admin/Documents/engenharia_da_computacao/CubeIDE/STM32CubeIDE_2.1.1/STM32CubeIDE/plugins/com.st.stm32cube.ide.mcu.externaltools.gnu-tools-for-stm32.14.3.rel1.win32_1.0.100.202602081740/tools/bin/../lib/gcc/arm-none-eabi/14.3.1/thumb/v7e-m+dp/hard\libgcc.a(_dvmd_tls.o)
 .ARM.attributes
                0x00000c9e       0x20 C:/Users/Admin/Documents/engenharia_da_computacao/CubeIDE/STM32CubeIDE_2.1.1/STM32CubeIDE/plugins/com.st.stm32cube.ide.mcu.externaltools.gnu-tools-for-stm32.14.3.rel1.win32_1.0.100.202602081740/tools/bin/../lib/gcc/arm-none-eabi/14.3.1/thumb/v7e-m+dp/hard/crtn.o
OUTPUT(Projeto_Final_Assert.elf elf32-littlearm)
LOAD linker stubs
LOAD C:/Users/Admin/Documents/engenharia_da_computacao/CubeIDE/STM32CubeIDE_2.1.1/STM32CubeIDE/plugins/com.st.stm32cube.ide.mcu.externaltools.gnu-tools-for-stm32.14.3.rel1.win32_1.0.100.202602081740/tools/bin/../lib/gcc/arm-none-eabi/14.3.1/../../../../arm-none-eabi/lib/thumb/v7e-m+dp/hard\libc.a