../Core/Src/Bsp.c:74:6:Bsp_Init	8	static
../Core/Src/Bsp.c:97:6:Bsp_SetLedPwm	24	static
../Core/Src/Bsp.c:126:6:Bsp_GetSamplingFlag	4	static
../Core/Src/Bsp.c:135:6:Bsp_ClearSamplingFlag	4	static
../Core/Src/Bsp.c:144:5:Bsp_ReadAdc	8	static
../Core/Src/Bsp.c:159:6:Bsp_TransmitUartString	16	static
../Core/Src/Bsp.c:168:6:Bsp_GetButtonFlag	4	static
../Core/Src/Bsp.c:177:6:Bsp_ClearButtonFlag	4	static
../Core/Src/Bsp.c:186:6:Bsp_GetUartRxFlag	4	static
../Core/Src/Bsp.c:195:6:Bsp_ClearUartRxFlag	4	static
../Core/Src/Bsp.c:204:4:Bsp_GetUartRxData	4	static
../Core/Src/Bsp.c:217:6:HAL_GPIO_EXTI_Callback	16	static
../Core/Src/Bsp.c:229:6:HAL_TIM_PeriodElapsedCallback	16	static
../Core/Src/Bsp.c:251:6:HAL_UART_RxCpltCallback	16	static
