../Core/Src/main.c:107:5:main	176	static
../Core/Src/main.c:223:6:SystemClock_Config	88	static
../Core/Src/main.c:281:13:MX_ADC1_Init	24	static
../Core/Src/main.c:333:13:MX_ETH_Init	8	static
../Core/Src/main.c:382:13:MX_TIM3_Init	48	static
../Core/Src/main.c:439:13:MX_TIM6_Init	24	static
../Core/Src/main.c:477:13:MX_TIM7_Init	24	static
../Core/Src/main.c:515:13:MX_USART3_UART_Init	8	static
../Core/Src/main.c:550:13:MX_USB_OTG_FS_PCD_Init	8	static
../Core/Src/main.c:585:13:MX_GPIO_Init	56	static
../Core/Src/main.c:639:5:__io_putchar	16	static
../Core/Src/main.c:649:6:MPU_Config	24	static
../Core/Src/main.c:680:6:Error_Handler	4	static,ignoring_inline_asm
